<?xml version="1.0" encoding="UTF-8"?>
<testsuites name="jest tests" tests="226" failures="71" errors="0" time="39.218">
  <testsuite name="TrustScorer Integration" errors="0" failures="3" skipped="0" timestamp="2025-05-15T23:44:07" time="4.669" tests="5">
    <testcase classname="TrustScorer Integration trust evaluation should evaluate trust score from factors" name="TrustScorer Integration trust evaluation should evaluate trust score from factors" time="0.025">
    </testcase>
    <testcase classname="TrustScorer Integration trust evaluation should emit warning for low trust score" name="TrustScorer Integration trust evaluation should emit warning for low trust score" time="0.006">
      <failure>Error: expect(received).rejects.toThrow()

Received promise resolved instead of rejected
Resolved to value: 0.95
    at expect (C:\Projects\canai-cursor-codex-v6.1.4\node_modules\expect\build\index.js:113:15)
    at Object.&lt;anonymous&gt; (C:\Projects\canai-cursor-codex-v6.1.4\cursor\agents\trust-scorer\integration.test.ts:53:19)
    at Promise.then.completed (C:\Projects\canai-cursor-codex-v6.1.4\node_modules\jest-circus\build\utils.js:298:28)
    at new Promise (&lt;anonymous&gt;)
    at callAsyncCircusFn (C:\Projects\canai-cursor-codex-v6.1.4\node_modules\jest-circus\build\utils.js:231:10)
    at _callCircusTest (C:\Projects\canai-cursor-codex-v6.1.4\node_modules\jest-circus\build\run.js:316:40)
    at _runTest (C:\Projects\canai-cursor-codex-v6.1.4\node_modules\jest-circus\build\run.js:252:3)
    at _runTestsForDescribeBlock (C:\Projects\canai-cursor-codex-v6.1.4\node_modules\jest-circus\build\run.js:126:9)
    at _runTestsForDescribeBlock (C:\Projects\canai-cursor-codex-v6.1.4\node_modules\jest-circus\build\run.js:121:9)
    at _runTestsForDescribeBlock (C:\Projects\canai-cursor-codex-v6.1.4\node_modules\jest-circus\build\run.js:121:9)
    at run (C:\Projects\canai-cursor-codex-v6.1.4\node_modules\jest-circus\build\run.js:71:3)
    at runAndTransformResultsToJestFormat (C:\Projects\canai-cursor-codex-v6.1.4\node_modules\jest-circus\build\legacy-code-todo-rewrite\jestAdapterInit.js:122:21)
    at jestAdapter (C:\Projects\canai-cursor-codex-v6.1.4\node_modules\jest-circus\build\legacy-code-todo-rewrite\jestAdapter.js:79:19)
    at runTestInternal (C:\Projects\canai-cursor-codex-v6.1.4\node_modules\jest-runner\build\runTest.js:367:16)
    at runTest (C:\Projects\canai-cursor-codex-v6.1.4\node_modules\jest-runner\build\runTest.js:444:34)</failure>
    </testcase>
    <testcase classname="TrustScorer Integration trust evaluation should emit violation for critical trust score" name="TrustScorer Integration trust evaluation should emit violation for critical trust score" time="0.003">
    </testcase>
    <testcase classname="TrustScorer Integration trust persistence should persist trust scores" name="TrustScorer Integration trust persistence should persist trust scores" time="0.003">
      <failure>TypeError: this.eventBus.emit is not a function
    at TrustScorer.emit [as adjustTrustScore] (C:\Projects\canai-cursor-codex-v6.1.4\cursor\agents\trust-scorer\trust-scorer.ts:163:25)
    at Object.&lt;anonymous&gt; (C:\Projects\canai-cursor-codex-v6.1.4\cursor\agents\trust-scorer\integration.test.ts:89:25)
    at Promise.then.completed (C:\Projects\canai-cursor-codex-v6.1.4\node_modules\jest-circus\build\utils.js:298:28)
    at new Promise (&lt;anonymous&gt;)
    at callAsyncCircusFn (C:\Projects\canai-cursor-codex-v6.1.4\node_modules\jest-circus\build\utils.js:231:10)
    at _callCircusTest (C:\Projects\canai-cursor-codex-v6.1.4\node_modules\jest-circus\build\run.js:316:40)
    at _runTest (C:\Projects\canai-cursor-codex-v6.1.4\node_modules\jest-circus\build\run.js:252:3)
    at _runTestsForDescribeBlock (C:\Projects\canai-cursor-codex-v6.1.4\node_modules\jest-circus\build\run.js:126:9)
    at _runTestsForDescribeBlock (C:\Projects\canai-cursor-codex-v6.1.4\node_modules\jest-circus\build\run.js:121:9)
    at _runTestsForDescribeBlock (C:\Projects\canai-cursor-codex-v6.1.4\node_modules\jest-circus\build\run.js:121:9)
    at run (C:\Projects\canai-cursor-codex-v6.1.4\node_modules\jest-circus\build\run.js:71:3)
    at runAndTransformResultsToJestFormat (C:\Projects\canai-cursor-codex-v6.1.4\node_modules\jest-circus\build\legacy-code-todo-rewrite\jestAdapterInit.js:122:21)
    at jestAdapter (C:\Projects\canai-cursor-codex-v6.1.4\node_modules\jest-circus\build\legacy-code-todo-rewrite\jestAdapter.js:79:19)
    at runTestInternal (C:\Projects\canai-cursor-codex-v6.1.4\node_modules\jest-runner\build\runTest.js:367:16)
    at runTest (C:\Projects\canai-cursor-codex-v6.1.4\node_modules\jest-runner\build\runTest.js:444:34)</failure>
    </testcase>
    <testcase classname="TrustScorer Integration trust metrics should record trust metrics" name="TrustScorer Integration trust metrics should record trust metrics" time="0.002">
      <failure>TypeError: this.eventBus.emit is not a function
    at TrustScorer.emit [as adjustTrustScore] (C:\Projects\canai-cursor-codex-v6.1.4\cursor\agents\trust-scorer\trust-scorer.ts:163:25)
    at Object.&lt;anonymous&gt; (C:\Projects\canai-cursor-codex-v6.1.4\cursor\agents\trust-scorer\integration.test.ts:101:25)
    at Promise.then.completed (C:\Projects\canai-cursor-codex-v6.1.4\node_modules\jest-circus\build\utils.js:298:28)
    at new Promise (&lt;anonymous&gt;)
    at callAsyncCircusFn (C:\Projects\canai-cursor-codex-v6.1.4\node_modules\jest-circus\build\utils.js:231:10)
    at _callCircusTest (C:\Projects\canai-cursor-codex-v6.1.4\node_modules\jest-circus\build\run.js:316:40)
    at _runTest (C:\Projects\canai-cursor-codex-v6.1.4\node_modules\jest-circus\build\run.js:252:3)
    at _runTestsForDescribeBlock (C:\Projects\canai-cursor-codex-v6.1.4\node_modules\jest-circus\build\run.js:126:9)
    at _runTestsForDescribeBlock (C:\Projects\canai-cursor-codex-v6.1.4\node_modules\jest-circus\build\run.js:121:9)
    at _runTestsForDescribeBlock (C:\Projects\canai-cursor-codex-v6.1.4\node_modules\jest-circus\build\run.js:121:9)
    at run (C:\Projects\canai-cursor-codex-v6.1.4\node_modules\jest-circus\build\run.js:71:3)
    at runAndTransformResultsToJestFormat (C:\Projects\canai-cursor-codex-v6.1.4\node_modules\jest-circus\build\legacy-code-todo-rewrite\jestAdapterInit.js:122:21)
    at jestAdapter (C:\Projects\canai-cursor-codex-v6.1.4\node_modules\jest-circus\build\legacy-code-todo-rewrite\jestAdapter.js:79:19)
    at runTestInternal (C:\Projects\canai-cursor-codex-v6.1.4\node_modules\jest-runner\build\runTest.js:367:16)
    at runTest (C:\Projects\canai-cursor-codex-v6.1.4\node_modules\jest-runner\build\runTest.js:444:34)</failure>
    </testcase>
  </testsuite>
  <testsuite name="FallbackManager" errors="0" failures="5" skipped="0" timestamp="2025-05-15T23:44:12" time="2.39" tests="13">
    <testcase classname="FallbackManager createFallbackPlan should create a plan for unhealthy agents" name="FallbackManager createFallbackPlan should create a plan for unhealthy agents" time="0.006">
    </testcase>
    <testcase classname="FallbackManager createFallbackPlan should include degradation actions for high resource usage" name="FallbackManager createFallbackPlan should include degradation actions for high resource usage" time="0.002">
    </testcase>
    <testcase classname="FallbackManager createFallbackPlan should calculate correct priority based on system state" name="FallbackManager createFallbackPlan should calculate correct priority based on system state" time="0.002">
      <failure>Error: expect(received).toBeGreaterThan(expected)

Expected: &gt; 5
Received:   5
    at Object.&lt;anonymous&gt; (C:\Projects\canai-cursor-codex-v6.1.4\cursor\meta-control\fallback-manager.test.ts:123:29)</failure>
    </testcase>
    <testcase classname="FallbackManager createFallbackPlan should handle multiple unhealthy agents" name="FallbackManager createFallbackPlan should handle multiple unhealthy agents" time="0.004">
      <failure>Error: expect(received).toHaveLength(expected)

Expected length: 2
Received length: 3
Received array:  [{&quot;parameters&quot;: {&quot;cooldown&quot;: 5000, &quot;maxAttempts&quot;: 3}, &quot;target&quot;: &quot;trust-restorer&quot;, &quot;type&quot;: &quot;recovery&quot;}, {&quot;parameters&quot;: {&quot;cooldown&quot;: 5000, &quot;maxAttempts&quot;: 3}, &quot;target&quot;: &quot;resource-monitor&quot;, &quot;type&quot;: &quot;recovery&quot;}, {&quot;parameters&quot;: {&quot;gracefulShutdown&quot;: true, &quot;targetUtilization&quot;: 0.5}, &quot;target&quot;: &quot;system&quot;, &quot;type&quot;: &quot;degradation&quot;}]
    at Object.&lt;anonymous&gt; (C:\Projects\canai-cursor-codex-v6.1.4\cursor\meta-control\fallback-manager.test.ts:148:28)</failure>
    </testcase>
    <testcase classname="FallbackManager createFallbackPlan should cap priority at maximum value" name="FallbackManager createFallbackPlan should cap priority at maximum value" time="0.001">
    </testcase>
    <testcase classname="FallbackManager executeFallbackPlan should execute recovery actions" name="FallbackManager executeFallbackPlan should execute recovery actions" time="1.01">
    </testcase>
    <testcase classname="FallbackManager executeFallbackPlan should execute degradation actions" name="FallbackManager executeFallbackPlan should execute degradation actions" time="0.002">
    </testcase>
    <testcase classname="FallbackManager executeFallbackPlan should handle execution errors gracefully" name="FallbackManager executeFallbackPlan should handle execution errors gracefully" time="0.004">
    </testcase>
    <testcase classname="FallbackManager executeFallbackPlan should handle max recovery attempts reached" name="FallbackManager executeFallbackPlan should handle max recovery attempts reached" time="0.002">
    </testcase>
    <testcase classname="FallbackManager executeFallbackPlan should execute multiple actions in sequence" name="FallbackManager executeFallbackPlan should execute multiple actions in sequence" time="1.016">
    </testcase>
    <testcase classname="FallbackManager event handling should handle fallback triggers" name="FallbackManager event handling should handle fallback triggers" time="0.002">
      <failure>Error: expect(jest.fn()).toHaveBeenCalledWith(...expected)

Expected: &quot;fallback:started&quot;, Any&lt;Object&gt;

Number of calls: 0
    at Object.&lt;anonymous&gt; (C:\Projects\canai-cursor-codex-v6.1.4\cursor\meta-control\fallback-manager.test.ts:329:29)</failure>
    </testcase>
    <testcase classname="FallbackManager event handling should handle recovery completion" name="FallbackManager event handling should handle recovery completion" time="0.001">
      <failure>Error: expect(jest.fn()).toHaveBeenCalledWith(...expected)

Expected: &quot;trust-restorer&quot;, Any&lt;Object&gt;

Number of calls: 0
    at Object.&lt;anonymous&gt; (C:\Projects\canai-cursor-codex-v6.1.4\cursor\meta-control\fallback-manager.test.ts:340:46)</failure>
    </testcase>
    <testcase classname="FallbackManager event handling should handle recovery failure" name="FallbackManager event handling should handle recovery failure" time="0.001">
      <failure>Error: expect(jest.fn()).toHaveBeenCalledWith(...expected)

Expected: &quot;fallback:error&quot;, ObjectContaining {&quot;error&quot;: &quot;Recovery failed&quot;}

Number of calls: 0
    at Object.&lt;anonymous&gt; (C:\Projects\canai-cursor-codex-v6.1.4\cursor\meta-control\fallback-manager.test.ts:355:29)</failure>
    </testcase>
  </testsuite>
  <testsuite name="EvolutionStrategyExecutor" errors="0" failures="7" skipped="0" timestamp="2025-05-15T23:44:15" time="0.491" tests="8">
    <testcase classname="EvolutionStrategyExecutor executeStrategy should execute trust recovery strategy successfully" name="EvolutionStrategyExecutor executeStrategy should execute trust recovery strategy successfully" time="0.097">
      <failure>Error: expect(received).toBe(expected) // Object.is equality

Expected: true
Received: false
    at Object.&lt;anonymous&gt; (C:\Projects\canai-cursor-codex-v6.1.4\cursor\evolution-triggers\strategy-executor.test.ts:102:30)</failure>
    </testcase>
    <testcase classname="EvolutionStrategyExecutor executeStrategy should execute performance optimization strategy successfully" name="EvolutionStrategyExecutor executeStrategy should execute performance optimization strategy successfully" time="0.019">
      <failure>Error: expect(received).toBe(expected) // Object.is equality

Expected: true
Received: false
    at Object.&lt;anonymous&gt; (C:\Projects\canai-cursor-codex-v6.1.4\cursor\evolution-triggers\strategy-executor.test.ts:130:30)</failure>
    </testcase>
    <testcase classname="EvolutionStrategyExecutor executeStrategy should execute emotional stabilization strategy successfully" name="EvolutionStrategyExecutor executeStrategy should execute emotional stabilization strategy successfully" time="0.021">
      <failure>Error: expect(received).toBe(expected) // Object.is equality

Expected: true
Received: false
    at Object.&lt;anonymous&gt; (C:\Projects\canai-cursor-codex-v6.1.4\cursor\evolution-triggers\strategy-executor.test.ts:169:30)</failure>
    </testcase>
    <testcase classname="EvolutionStrategyExecutor executeStrategy should execute resource optimization strategy successfully" name="EvolutionStrategyExecutor executeStrategy should execute resource optimization strategy successfully" time="0.017">
      <failure>Error: expect(received).toBe(expected) // Object.is equality

Expected: true
Received: false
    at Object.&lt;anonymous&gt; (C:\Projects\canai-cursor-codex-v6.1.4\cursor\evolution-triggers\strategy-executor.test.ts:193:30)</failure>
    </testcase>
    <testcase classname="EvolutionStrategyExecutor executeStrategy should handle unknown strategy type" name="EvolutionStrategyExecutor executeStrategy should handle unknown strategy type" time="0.067">
    </testcase>
    <testcase classname="EvolutionStrategyExecutor executeStrategy should handle errors during strategy execution" name="EvolutionStrategyExecutor executeStrategy should handle errors during strategy execution" time="0.001">
      <failure>Error: Trust calculation failed
    at Object.&lt;anonymous&gt; (C:\Projects\canai-cursor-codex-v6.1.4\cursor\evolution-triggers\strategy-executor.test.ts:214:72)
    at Promise.then.completed (C:\Projects\canai-cursor-codex-v6.1.4\node_modules\jest-circus\build\utils.js:298:28)
    at new Promise (&lt;anonymous&gt;)
    at callAsyncCircusFn (C:\Projects\canai-cursor-codex-v6.1.4\node_modules\jest-circus\build\utils.js:231:10)
    at _callCircusTest (C:\Projects\canai-cursor-codex-v6.1.4\node_modules\jest-circus\build\run.js:316:40)
    at _runTest (C:\Projects\canai-cursor-codex-v6.1.4\node_modules\jest-circus\build\run.js:252:3)
    at _runTestsForDescribeBlock (C:\Projects\canai-cursor-codex-v6.1.4\node_modules\jest-circus\build\run.js:126:9)
    at _runTestsForDescribeBlock (C:\Projects\canai-cursor-codex-v6.1.4\node_modules\jest-circus\build\run.js:121:9)
    at _runTestsForDescribeBlock (C:\Projects\canai-cursor-codex-v6.1.4\node_modules\jest-circus\build\run.js:121:9)
    at run (C:\Projects\canai-cursor-codex-v6.1.4\node_modules\jest-circus\build\run.js:71:3)
    at runAndTransformResultsToJestFormat (C:\Projects\canai-cursor-codex-v6.1.4\node_modules\jest-circus\build\legacy-code-todo-rewrite\jestAdapterInit.js:122:21)
    at jestAdapter (C:\Projects\canai-cursor-codex-v6.1.4\node_modules\jest-circus\build\legacy-code-todo-rewrite\jestAdapter.js:79:19)
    at runTestInternal (C:\Projects\canai-cursor-codex-v6.1.4\node_modules\jest-runner\build\runTest.js:367:16)
    at runTest (C:\Projects\canai-cursor-codex-v6.1.4\node_modules\jest-runner\build\runTest.js:444:34)</failure>
    </testcase>
    <testcase classname="EvolutionStrategyExecutor executeStrategy should validate improvement correctly" name="EvolutionStrategyExecutor executeStrategy should validate improvement correctly" time="0.01">
      <failure>Error: expect(received).toBe(expected) // Object.is equality

Expected: true
Received: false
    at Object.&lt;anonymous&gt; (C:\Projects\canai-cursor-codex-v6.1.4\cursor\evolution-triggers\strategy-executor.test.ts:254:30)</failure>
    </testcase>
    <testcase classname="EvolutionStrategyExecutor executeStrategy should fail validation when improvement is insufficient" name="EvolutionStrategyExecutor executeStrategy should fail validation when improvement is insufficient" time="0.014">
      <failure>Error: expect(received).toEqual(expected) // deep equality

- Expected  - 1
+ Received  + 1

  Object {
    &quot;baselineScore&quot;: 0.9,
-   &quot;stabilityIndex&quot;: 0.95,
+   &quot;stabilityIndex&quot;: 0.96,
  }
    at Object.&lt;anonymous&gt; (C:\Projects\canai-cursor-codex-v6.1.4\cursor\evolution-triggers\strategy-executor.test.ts:286:37)</failure>
    </testcase>
  </testsuite>
  <testsuite name="System Intel Module" errors="0" failures="26" skipped="0" timestamp="2025-05-15T23:44:15" time="0.402" tests="26">
    <testcase classname="System Intel Module IntelAggregator should initialize with empty metrics" name="System Intel Module IntelAggregator should initialize with empty metrics" time="0.002">
      <failure>TypeError: this.eventBus.on is not a function
    at IntelAggregator.on [as setupEventListeners] (C:\Projects\canai-cursor-codex-v6.1.4\cursor\system-intel\intel-aggregator.ts:109:19)
    at new setupEventListeners (C:\Projects\canai-cursor-codex-v6.1.4\cursor\system-intel\intel-aggregator.ts:94:10)
    at Object.&lt;anonymous&gt; (C:\Projects\canai-cursor-codex-v6.1.4\cursor\system-intel\intel.test.ts:165:23)
    at Promise.then.completed (C:\Projects\canai-cursor-codex-v6.1.4\node_modules\jest-circus\build\utils.js:298:28)
    at new Promise (&lt;anonymous&gt;)
    at callAsyncCircusFn (C:\Projects\canai-cursor-codex-v6.1.4\node_modules\jest-circus\build\utils.js:231:10)
    at _callCircusHook (C:\Projects\canai-cursor-codex-v6.1.4\node_modules\jest-circus\build\run.js:281:40)
    at _runTest (C:\Projects\canai-cursor-codex-v6.1.4\node_modules\jest-circus\build\run.js:246:5)
    at _runTestsForDescribeBlock (C:\Projects\canai-cursor-codex-v6.1.4\node_modules\jest-circus\build\run.js:126:9)
    at _runTestsForDescribeBlock (C:\Projects\canai-cursor-codex-v6.1.4\node_modules\jest-circus\build\run.js:121:9)
    at _runTestsForDescribeBlock (C:\Projects\canai-cursor-codex-v6.1.4\node_modules\jest-circus\build\run.js:121:9)
    at run (C:\Projects\canai-cursor-codex-v6.1.4\node_modules\jest-circus\build\run.js:71:3)
    at runAndTransformResultsToJestFormat (C:\Projects\canai-cursor-codex-v6.1.4\node_modules\jest-circus\build\legacy-code-todo-rewrite\jestAdapterInit.js:122:21)
    at jestAdapter (C:\Projects\canai-cursor-codex-v6.1.4\node_modules\jest-circus\build\legacy-code-todo-rewrite\jestAdapter.js:79:19)
    at runTestInternal (C:\Projects\canai-cursor-codex-v6.1.4\node_modules\jest-runner\build\runTest.js:367:16)
    at runTest (C:\Projects\canai-cursor-codex-v6.1.4\node_modules\jest-runner\build\runTest.js:444:34)</failure>
    </testcase>
    <testcase classname="System Intel Module IntelAggregator should handle trust signal events" name="System Intel Module IntelAggregator should handle trust signal events" time="0.001">
      <failure>TypeError: this.eventBus.on is not a function
    at IntelAggregator.on [as setupEventListeners] (C:\Projects\canai-cursor-codex-v6.1.4\cursor\system-intel\intel-aggregator.ts:109:19)
    at new setupEventListeners (C:\Projects\canai-cursor-codex-v6.1.4\cursor\system-intel\intel-aggregator.ts:94:10)
    at Object.&lt;anonymous&gt; (C:\Projects\canai-cursor-codex-v6.1.4\cursor\system-intel\intel.test.ts:165:23)
    at Promise.then.completed (C:\Projects\canai-cursor-codex-v6.1.4\node_modules\jest-circus\build\utils.js:298:28)
    at new Promise (&lt;anonymous&gt;)
    at callAsyncCircusFn (C:\Projects\canai-cursor-codex-v6.1.4\node_modules\jest-circus\build\utils.js:231:10)
    at _callCircusHook (C:\Projects\canai-cursor-codex-v6.1.4\node_modules\jest-circus\build\run.js:281:40)
    at _runTest (C:\Projects\canai-cursor-codex-v6.1.4\node_modules\jest-circus\build\run.js:246:5)
    at _runTestsForDescribeBlock (C:\Projects\canai-cursor-codex-v6.1.4\node_modules\jest-circus\build\run.js:126:9)
    at _runTestsForDescribeBlock (C:\Projects\canai-cursor-codex-v6.1.4\node_modules\jest-circus\build\run.js:121:9)
    at _runTestsForDescribeBlock (C:\Projects\canai-cursor-codex-v6.1.4\node_modules\jest-circus\build\run.js:121:9)
    at run (C:\Projects\canai-cursor-codex-v6.1.4\node_modules\jest-circus\build\run.js:71:3)
    at runAndTransformResultsToJestFormat (C:\Projects\canai-cursor-codex-v6.1.4\node_modules\jest-circus\build\legacy-code-todo-rewrite\jestAdapterInit.js:122:21)
    at jestAdapter (C:\Projects\canai-cursor-codex-v6.1.4\node_modules\jest-circus\build\legacy-code-todo-rewrite\jestAdapter.js:79:19)
    at runTestInternal (C:\Projects\canai-cursor-codex-v6.1.4\node_modules\jest-runner\build\runTest.js:367:16)
    at runTest (C:\Projects\canai-cursor-codex-v6.1.4\node_modules\jest-runner\build\runTest.js:444:34)</failure>
    </testcase>
    <testcase classname="System Intel Module IntelAggregator should handle trust warning events" name="System Intel Module IntelAggregator should handle trust warning events" time="0.001">
      <failure>TypeError: this.eventBus.on is not a function
    at IntelAggregator.on [as setupEventListeners] (C:\Projects\canai-cursor-codex-v6.1.4\cursor\system-intel\intel-aggregator.ts:109:19)
    at new setupEventListeners (C:\Projects\canai-cursor-codex-v6.1.4\cursor\system-intel\intel-aggregator.ts:94:10)
    at Object.&lt;anonymous&gt; (C:\Projects\canai-cursor-codex-v6.1.4\cursor\system-intel\intel.test.ts:165:23)
    at Promise.then.completed (C:\Projects\canai-cursor-codex-v6.1.4\node_modules\jest-circus\build\utils.js:298:28)
    at new Promise (&lt;anonymous&gt;)
    at callAsyncCircusFn (C:\Projects\canai-cursor-codex-v6.1.4\node_modules\jest-circus\build\utils.js:231:10)
    at _callCircusHook (C:\Projects\canai-cursor-codex-v6.1.4\node_modules\jest-circus\build\run.js:281:40)
    at _runTest (C:\Projects\canai-cursor-codex-v6.1.4\node_modules\jest-circus\build\run.js:246:5)
    at _runTestsForDescribeBlock (C:\Projects\canai-cursor-codex-v6.1.4\node_modules\jest-circus\build\run.js:126:9)
    at _runTestsForDescribeBlock (C:\Projects\canai-cursor-codex-v6.1.4\node_modules\jest-circus\build\run.js:121:9)
    at _runTestsForDescribeBlock (C:\Projects\canai-cursor-codex-v6.1.4\node_modules\jest-circus\build\run.js:121:9)
    at run (C:\Projects\canai-cursor-codex-v6.1.4\node_modules\jest-circus\build\run.js:71:3)
    at runAndTransformResultsToJestFormat (C:\Projects\canai-cursor-codex-v6.1.4\node_modules\jest-circus\build\legacy-code-todo-rewrite\jestAdapterInit.js:122:21)
    at jestAdapter (C:\Projects\canai-cursor-codex-v6.1.4\node_modules\jest-circus\build\legacy-code-todo-rewrite\jestAdapter.js:79:19)
    at runTestInternal (C:\Projects\canai-cursor-codex-v6.1.4\node_modules\jest-runner\build\runTest.js:367:16)
    at runTest (C:\Projects\canai-cursor-codex-v6.1.4\node_modules\jest-runner\build\runTest.js:444:34)</failure>
    </testcase>
    <testcase classname="System Intel Module IntelAggregator should handle trust violation events" name="System Intel Module IntelAggregator should handle trust violation events" time="0.001">
      <failure>TypeError: this.eventBus.on is not a function
    at IntelAggregator.on [as setupEventListeners] (C:\Projects\canai-cursor-codex-v6.1.4\cursor\system-intel\intel-aggregator.ts:109:19)
    at new setupEventListeners (C:\Projects\canai-cursor-codex-v6.1.4\cursor\system-intel\intel-aggregator.ts:94:10)
    at Object.&lt;anonymous&gt; (C:\Projects\canai-cursor-codex-v6.1.4\cursor\system-intel\intel.test.ts:165:23)
    at Promise.then.completed (C:\Projects\canai-cursor-codex-v6.1.4\node_modules\jest-circus\build\utils.js:298:28)
    at new Promise (&lt;anonymous&gt;)
    at callAsyncCircusFn (C:\Projects\canai-cursor-codex-v6.1.4\node_modules\jest-circus\build\utils.js:231:10)
    at _callCircusHook (C:\Projects\canai-cursor-codex-v6.1.4\node_modules\jest-circus\build\run.js:281:40)
    at _runTest (C:\Projects\canai-cursor-codex-v6.1.4\node_modules\jest-circus\build\run.js:246:5)
    at _runTestsForDescribeBlock (C:\Projects\canai-cursor-codex-v6.1.4\node_modules\jest-circus\build\run.js:126:9)
    at _runTestsForDescribeBlock (C:\Projects\canai-cursor-codex-v6.1.4\node_modules\jest-circus\build\run.js:121:9)
    at _runTestsForDescribeBlock (C:\Projects\canai-cursor-codex-v6.1.4\node_modules\jest-circus\build\run.js:121:9)
    at run (C:\Projects\canai-cursor-codex-v6.1.4\node_modules\jest-circus\build\run.js:71:3)
    at runAndTransformResultsToJestFormat (C:\Projects\canai-cursor-codex-v6.1.4\node_modules\jest-circus\build\legacy-code-todo-rewrite\jestAdapterInit.js:122:21)
    at jestAdapter (C:\Projects\canai-cursor-codex-v6.1.4\node_modules\jest-circus\build\legacy-code-todo-rewrite\jestAdapter.js:79:19)
    at runTestInternal (C:\Projects\canai-cursor-codex-v6.1.4\node_modules\jest-runner\build\runTest.js:367:16)
    at runTest (C:\Projects\canai-cursor-codex-v6.1.4\node_modules\jest-runner\build\runTest.js:444:34)</failure>
    </testcase>
    <testcase classname="System Intel Module IntelAggregator should handle heartbeat events" name="System Intel Module IntelAggregator should handle heartbeat events" time="0.001">
      <failure>TypeError: this.eventBus.on is not a function
    at IntelAggregator.on [as setupEventListeners] (C:\Projects\canai-cursor-codex-v6.1.4\cursor\system-intel\intel-aggregator.ts:109:19)
    at new setupEventListeners (C:\Projects\canai-cursor-codex-v6.1.4\cursor\system-intel\intel-aggregator.ts:94:10)
    at Object.&lt;anonymous&gt; (C:\Projects\canai-cursor-codex-v6.1.4\cursor\system-intel\intel.test.ts:165:23)
    at Promise.then.completed (C:\Projects\canai-cursor-codex-v6.1.4\node_modules\jest-circus\build\utils.js:298:28)
    at new Promise (&lt;anonymous&gt;)
    at callAsyncCircusFn (C:\Projects\canai-cursor-codex-v6.1.4\node_modules\jest-circus\build\utils.js:231:10)
    at _callCircusHook (C:\Projects\canai-cursor-codex-v6.1.4\node_modules\jest-circus\build\run.js:281:40)
    at _runTest (C:\Projects\canai-cursor-codex-v6.1.4\node_modules\jest-circus\build\run.js:246:5)
    at _runTestsForDescribeBlock (C:\Projects\canai-cursor-codex-v6.1.4\node_modules\jest-circus\build\run.js:126:9)
    at _runTestsForDescribeBlock (C:\Projects\canai-cursor-codex-v6.1.4\node_modules\jest-circus\build\run.js:121:9)
    at _runTestsForDescribeBlock (C:\Projects\canai-cursor-codex-v6.1.4\node_modules\jest-circus\build\run.js:121:9)
    at run (C:\Projects\canai-cursor-codex-v6.1.4\node_modules\jest-circus\build\run.js:71:3)
    at runAndTransformResultsToJestFormat (C:\Projects\canai-cursor-codex-v6.1.4\node_modules\jest-circus\build\legacy-code-todo-rewrite\jestAdapterInit.js:122:21)
    at jestAdapter (C:\Projects\canai-cursor-codex-v6.1.4\node_modules\jest-circus\build\legacy-code-todo-rewrite\jestAdapter.js:79:19)
    at runTestInternal (C:\Projects\canai-cursor-codex-v6.1.4\node_modules\jest-runner\build\runTest.js:367:16)
    at runTest (C:\Projects\canai-cursor-codex-v6.1.4\node_modules\jest-runner\build\runTest.js:444:34)</failure>
    </testcase>
    <testcase classname="System Intel Module IntelAggregator should handle evolution events" name="System Intel Module IntelAggregator should handle evolution events" time="0">
      <failure>TypeError: this.eventBus.on is not a function
    at IntelAggregator.on [as setupEventListeners] (C:\Projects\canai-cursor-codex-v6.1.4\cursor\system-intel\intel-aggregator.ts:109:19)
    at new setupEventListeners (C:\Projects\canai-cursor-codex-v6.1.4\cursor\system-intel\intel-aggregator.ts:94:10)
    at Object.&lt;anonymous&gt; (C:\Projects\canai-cursor-codex-v6.1.4\cursor\system-intel\intel.test.ts:165:23)
    at Promise.then.completed (C:\Projects\canai-cursor-codex-v6.1.4\node_modules\jest-circus\build\utils.js:298:28)
    at new Promise (&lt;anonymous&gt;)
    at callAsyncCircusFn (C:\Projects\canai-cursor-codex-v6.1.4\node_modules\jest-circus\build\utils.js:231:10)
    at _callCircusHook (C:\Projects\canai-cursor-codex-v6.1.4\node_modules\jest-circus\build\run.js:281:40)
    at _runTest (C:\Projects\canai-cursor-codex-v6.1.4\node_modules\jest-circus\build\run.js:246:5)
    at _runTestsForDescribeBlock (C:\Projects\canai-cursor-codex-v6.1.4\node_modules\jest-circus\build\run.js:126:9)
    at _runTestsForDescribeBlock (C:\Projects\canai-cursor-codex-v6.1.4\node_modules\jest-circus\build\run.js:121:9)
    at _runTestsForDescribeBlock (C:\Projects\canai-cursor-codex-v6.1.4\node_modules\jest-circus\build\run.js:121:9)
    at run (C:\Projects\canai-cursor-codex-v6.1.4\node_modules\jest-circus\build\run.js:71:3)
    at runAndTransformResultsToJestFormat (C:\Projects\canai-cursor-codex-v6.1.4\node_modules\jest-circus\build\legacy-code-todo-rewrite\jestAdapterInit.js:122:21)
    at jestAdapter (C:\Projects\canai-cursor-codex-v6.1.4\node_modules\jest-circus\build\legacy-code-todo-rewrite\jestAdapter.js:79:19)
    at runTestInternal (C:\Projects\canai-cursor-codex-v6.1.4\node_modules\jest-runner\build\runTest.js:367:16)
    at runTest (C:\Projects\canai-cursor-codex-v6.1.4\node_modules\jest-runner\build\runTest.js:444:34)</failure>
    </testcase>
    <testcase classname="System Intel Module IntelAggregator should recover from metric ingestion failures" name="System Intel Module IntelAggregator should recover from metric ingestion failures" time="0">
      <failure>TypeError: this.eventBus.on is not a function
    at IntelAggregator.on [as setupEventListeners] (C:\Projects\canai-cursor-codex-v6.1.4\cursor\system-intel\intel-aggregator.ts:109:19)
    at new setupEventListeners (C:\Projects\canai-cursor-codex-v6.1.4\cursor\system-intel\intel-aggregator.ts:94:10)
    at Object.&lt;anonymous&gt; (C:\Projects\canai-cursor-codex-v6.1.4\cursor\system-intel\intel.test.ts:165:23)
    at Promise.then.completed (C:\Projects\canai-cursor-codex-v6.1.4\node_modules\jest-circus\build\utils.js:298:28)
    at new Promise (&lt;anonymous&gt;)
    at callAsyncCircusFn (C:\Projects\canai-cursor-codex-v6.1.4\node_modules\jest-circus\build\utils.js:231:10)
    at _callCircusHook (C:\Projects\canai-cursor-codex-v6.1.4\node_modules\jest-circus\build\run.js:281:40)
    at _runTest (C:\Projects\canai-cursor-codex-v6.1.4\node_modules\jest-circus\build\run.js:246:5)
    at _runTestsForDescribeBlock (C:\Projects\canai-cursor-codex-v6.1.4\node_modules\jest-circus\build\run.js:126:9)
    at _runTestsForDescribeBlock (C:\Projects\canai-cursor-codex-v6.1.4\node_modules\jest-circus\build\run.js:121:9)
    at _runTestsForDescribeBlock (C:\Projects\canai-cursor-codex-v6.1.4\node_modules\jest-circus\build\run.js:121:9)
    at run (C:\Projects\canai-cursor-codex-v6.1.4\node_modules\jest-circus\build\run.js:71:3)
    at runAndTransformResultsToJestFormat (C:\Projects\canai-cursor-codex-v6.1.4\node_modules\jest-circus\build\legacy-code-todo-rewrite\jestAdapterInit.js:122:21)
    at jestAdapter (C:\Projects\canai-cursor-codex-v6.1.4\node_modules\jest-circus\build\legacy-code-todo-rewrite\jestAdapter.js:79:19)
    at runTestInternal (C:\Projects\canai-cursor-codex-v6.1.4\node_modules\jest-runner\build\runTest.js:367:16)
    at runTest (C:\Projects\canai-cursor-codex-v6.1.4\node_modules\jest-runner\build\runTest.js:444:34)</failure>
    </testcase>
    <testcase classname="System Intel Module IntelAggregator should handle concurrent metric updates" name="System Intel Module IntelAggregator should handle concurrent metric updates" time="0.001">
      <failure>TypeError: this.eventBus.on is not a function
    at IntelAggregator.on [as setupEventListeners] (C:\Projects\canai-cursor-codex-v6.1.4\cursor\system-intel\intel-aggregator.ts:109:19)
    at new setupEventListeners (C:\Projects\canai-cursor-codex-v6.1.4\cursor\system-intel\intel-aggregator.ts:94:10)
    at Object.&lt;anonymous&gt; (C:\Projects\canai-cursor-codex-v6.1.4\cursor\system-intel\intel.test.ts:165:23)
    at Promise.then.completed (C:\Projects\canai-cursor-codex-v6.1.4\node_modules\jest-circus\build\utils.js:298:28)
    at new Promise (&lt;anonymous&gt;)
    at callAsyncCircusFn (C:\Projects\canai-cursor-codex-v6.1.4\node_modules\jest-circus\build\utils.js:231:10)
    at _callCircusHook (C:\Projects\canai-cursor-codex-v6.1.4\node_modules\jest-circus\build\run.js:281:40)
    at _runTest (C:\Projects\canai-cursor-codex-v6.1.4\node_modules\jest-circus\build\run.js:246:5)
    at _runTestsForDescribeBlock (C:\Projects\canai-cursor-codex-v6.1.4\node_modules\jest-circus\build\run.js:126:9)
    at _runTestsForDescribeBlock (C:\Projects\canai-cursor-codex-v6.1.4\node_modules\jest-circus\build\run.js:121:9)
    at _runTestsForDescribeBlock (C:\Projects\canai-cursor-codex-v6.1.4\node_modules\jest-circus\build\run.js:121:9)
    at run (C:\Projects\canai-cursor-codex-v6.1.4\node_modules\jest-circus\build\run.js:71:3)
    at runAndTransformResultsToJestFormat (C:\Projects\canai-cursor-codex-v6.1.4\node_modules\jest-circus\build\legacy-code-todo-rewrite\jestAdapterInit.js:122:21)
    at jestAdapter (C:\Projects\canai-cursor-codex-v6.1.4\node_modules\jest-circus\build\legacy-code-todo-rewrite\jestAdapter.js:79:19)
    at runTestInternal (C:\Projects\canai-cursor-codex-v6.1.4\node_modules\jest-runner\build\runTest.js:367:16)
    at runTest (C:\Projects\canai-cursor-codex-v6.1.4\node_modules\jest-runner\build\runTest.js:444:34)</failure>
    </testcase>
    <testcase classname="System Intel Module IntelAggregator should maintain violation history size limit" name="System Intel Module IntelAggregator should maintain violation history size limit" time="0.001">
      <failure>TypeError: this.eventBus.on is not a function
    at IntelAggregator.on [as setupEventListeners] (C:\Projects\canai-cursor-codex-v6.1.4\cursor\system-intel\intel-aggregator.ts:109:19)
    at new setupEventListeners (C:\Projects\canai-cursor-codex-v6.1.4\cursor\system-intel\intel-aggregator.ts:94:10)
    at Object.&lt;anonymous&gt; (C:\Projects\canai-cursor-codex-v6.1.4\cursor\system-intel\intel.test.ts:165:23)
    at Promise.then.completed (C:\Projects\canai-cursor-codex-v6.1.4\node_modules\jest-circus\build\utils.js:298:28)
    at new Promise (&lt;anonymous&gt;)
    at callAsyncCircusFn (C:\Projects\canai-cursor-codex-v6.1.4\node_modules\jest-circus\build\utils.js:231:10)
    at _callCircusHook (C:\Projects\canai-cursor-codex-v6.1.4\node_modules\jest-circus\build\run.js:281:40)
    at _runTest (C:\Projects\canai-cursor-codex-v6.1.4\node_modules\jest-circus\build\run.js:246:5)
    at _runTestsForDescribeBlock (C:\Projects\canai-cursor-codex-v6.1.4\node_modules\jest-circus\build\run.js:126:9)
    at _runTestsForDescribeBlock (C:\Projects\canai-cursor-codex-v6.1.4\node_modules\jest-circus\build\run.js:121:9)
    at _runTestsForDescribeBlock (C:\Projects\canai-cursor-codex-v6.1.4\node_modules\jest-circus\build\run.js:121:9)
    at run (C:\Projects\canai-cursor-codex-v6.1.4\node_modules\jest-circus\build\run.js:71:3)
    at runAndTransformResultsToJestFormat (C:\Projects\canai-cursor-codex-v6.1.4\node_modules\jest-circus\build\legacy-code-todo-rewrite\jestAdapterInit.js:122:21)
    at jestAdapter (C:\Projects\canai-cursor-codex-v6.1.4\node_modules\jest-circus\build\legacy-code-todo-rewrite\jestAdapter.js:79:19)
    at runTestInternal (C:\Projects\canai-cursor-codex-v6.1.4\node_modules\jest-runner\build\runTest.js:367:16)
    at runTest (C:\Projects\canai-cursor-codex-v6.1.4\node_modules\jest-runner\build\runTest.js:444:34)</failure>
    </testcase>
    <testcase classname="System Intel Module IntelAggregator should handle resource threshold violations" name="System Intel Module IntelAggregator should handle resource threshold violations" time="0.001">
      <failure>TypeError: this.eventBus.on is not a function
    at IntelAggregator.on [as setupEventListeners] (C:\Projects\canai-cursor-codex-v6.1.4\cursor\system-intel\intel-aggregator.ts:109:19)
    at new setupEventListeners (C:\Projects\canai-cursor-codex-v6.1.4\cursor\system-intel\intel-aggregator.ts:94:10)
    at Object.&lt;anonymous&gt; (C:\Projects\canai-cursor-codex-v6.1.4\cursor\system-intel\intel.test.ts:165:23)
    at Promise.then.completed (C:\Projects\canai-cursor-codex-v6.1.4\node_modules\jest-circus\build\utils.js:298:28)
    at new Promise (&lt;anonymous&gt;)
    at callAsyncCircusFn (C:\Projects\canai-cursor-codex-v6.1.4\node_modules\jest-circus\build\utils.js:231:10)
    at _callCircusHook (C:\Projects\canai-cursor-codex-v6.1.4\node_modules\jest-circus\build\run.js:281:40)
    at _runTest (C:\Projects\canai-cursor-codex-v6.1.4\node_modules\jest-circus\build\run.js:246:5)
    at _runTestsForDescribeBlock (C:\Projects\canai-cursor-codex-v6.1.4\node_modules\jest-circus\build\run.js:126:9)
    at _runTestsForDescribeBlock (C:\Projects\canai-cursor-codex-v6.1.4\node_modules\jest-circus\build\run.js:121:9)
    at _runTestsForDescribeBlock (C:\Projects\canai-cursor-codex-v6.1.4\node_modules\jest-circus\build\run.js:121:9)
    at run (C:\Projects\canai-cursor-codex-v6.1.4\node_modules\jest-circus\build\run.js:71:3)
    at runAndTransformResultsToJestFormat (C:\Projects\canai-cursor-codex-v6.1.4\node_modules\jest-circus\build\legacy-code-todo-rewrite\jestAdapterInit.js:122:21)
    at jestAdapter (C:\Projects\canai-cursor-codex-v6.1.4\node_modules\jest-circus\build\legacy-code-todo-rewrite\jestAdapter.js:79:19)
    at runTestInternal (C:\Projects\canai-cursor-codex-v6.1.4\node_modules\jest-runner\build\runTest.js:367:16)
    at runTest (C:\Projects\canai-cursor-codex-v6.1.4\node_modules\jest-runner\build\runTest.js:444:34)</failure>
    </testcase>
    <testcase classname="System Intel Module IntelAggregator should handle evolution trigger failures" name="System Intel Module IntelAggregator should handle evolution trigger failures" time="0.001">
      <failure>TypeError: this.eventBus.on is not a function
    at IntelAggregator.on [as setupEventListeners] (C:\Projects\canai-cursor-codex-v6.1.4\cursor\system-intel\intel-aggregator.ts:109:19)
    at new setupEventListeners (C:\Projects\canai-cursor-codex-v6.1.4\cursor\system-intel\intel-aggregator.ts:94:10)
    at Object.&lt;anonymous&gt; (C:\Projects\canai-cursor-codex-v6.1.4\cursor\system-intel\intel.test.ts:165:23)
    at Promise.then.completed (C:\Projects\canai-cursor-codex-v6.1.4\node_modules\jest-circus\build\utils.js:298:28)
    at new Promise (&lt;anonymous&gt;)
    at callAsyncCircusFn (C:\Projects\canai-cursor-codex-v6.1.4\node_modules\jest-circus\build\utils.js:231:10)
    at _callCircusHook (C:\Projects\canai-cursor-codex-v6.1.4\node_modules\jest-circus\build\run.js:281:40)
    at _runTest (C:\Projects\canai-cursor-codex-v6.1.4\node_modules\jest-circus\build\run.js:246:5)
    at _runTestsForDescribeBlock (C:\Projects\canai-cursor-codex-v6.1.4\node_modules\jest-circus\build\run.js:126:9)
    at _runTestsForDescribeBlock (C:\Projects\canai-cursor-codex-v6.1.4\node_modules\jest-circus\build\run.js:121:9)
    at _runTestsForDescribeBlock (C:\Projects\canai-cursor-codex-v6.1.4\node_modules\jest-circus\build\run.js:121:9)
    at run (C:\Projects\canai-cursor-codex-v6.1.4\node_modules\jest-circus\build\run.js:71:3)
    at runAndTransformResultsToJestFormat (C:\Projects\canai-cursor-codex-v6.1.4\node_modules\jest-circus\build\legacy-code-todo-rewrite\jestAdapterInit.js:122:21)
    at jestAdapter (C:\Projects\canai-cursor-codex-v6.1.4\node_modules\jest-circus\build\legacy-code-todo-rewrite\jestAdapter.js:79:19)
    at runTestInternal (C:\Projects\canai-cursor-codex-v6.1.4\node_modules\jest-runner\build\runTest.js:367:16)
    at runTest (C:\Projects\canai-cursor-codex-v6.1.4\node_modules\jest-runner\build\runTest.js:444:34)</failure>
    </testcase>
    <testcase classname="System Intel Module IntelAggregator should handle heartbeat timeouts" name="System Intel Module IntelAggregator should handle heartbeat timeouts" time="0">
      <failure>TypeError: this.eventBus.on is not a function
    at IntelAggregator.on [as setupEventListeners] (C:\Projects\canai-cursor-codex-v6.1.4\cursor\system-intel\intel-aggregator.ts:109:19)
    at new setupEventListeners (C:\Projects\canai-cursor-codex-v6.1.4\cursor\system-intel\intel-aggregator.ts:94:10)
    at Object.&lt;anonymous&gt; (C:\Projects\canai-cursor-codex-v6.1.4\cursor\system-intel\intel.test.ts:165:23)
    at Promise.then.completed (C:\Projects\canai-cursor-codex-v6.1.4\node_modules\jest-circus\build\utils.js:298:28)
    at new Promise (&lt;anonymous&gt;)
    at callAsyncCircusFn (C:\Projects\canai-cursor-codex-v6.1.4\node_modules\jest-circus\build\utils.js:231:10)
    at _callCircusHook (C:\Projects\canai-cursor-codex-v6.1.4\node_modules\jest-circus\build\run.js:281:40)
    at _runTest (C:\Projects\canai-cursor-codex-v6.1.4\node_modules\jest-circus\build\run.js:246:5)
    at _runTestsForDescribeBlock (C:\Projects\canai-cursor-codex-v6.1.4\node_modules\jest-circus\build\run.js:126:9)
    at _runTestsForDescribeBlock (C:\Projects\canai-cursor-codex-v6.1.4\node_modules\jest-circus\build\run.js:121:9)
    at _runTestsForDescribeBlock (C:\Projects\canai-cursor-codex-v6.1.4\node_modules\jest-circus\build\run.js:121:9)
    at run (C:\Projects\canai-cursor-codex-v6.1.4\node_modules\jest-circus\build\run.js:71:3)
    at runAndTransformResultsToJestFormat (C:\Projects\canai-cursor-codex-v6.1.4\node_modules\jest-circus\build\legacy-code-todo-rewrite\jestAdapterInit.js:122:21)
    at jestAdapter (C:\Projects\canai-cursor-codex-v6.1.4\node_modules\jest-circus\build\legacy-code-todo-rewrite\jestAdapter.js:79:19)
    at runTestInternal (C:\Projects\canai-cursor-codex-v6.1.4\node_modules\jest-runner\build\runTest.js:367:16)
    at runTest (C:\Projects\canai-cursor-codex-v6.1.4\node_modules\jest-runner\build\runTest.js:444:34)</failure>
    </testcase>
    <testcase classname="System Intel Module AgentStatusSurface should gather agent metrics" name="System Intel Module AgentStatusSurface should gather agent metrics" time="0.001">
      <failure>TypeError: this.eventBus.on is not a function
    at IntelAggregator.on [as setupEventListeners] (C:\Projects\canai-cursor-codex-v6.1.4\cursor\system-intel\intel-aggregator.ts:109:19)
    at new setupEventListeners (C:\Projects\canai-cursor-codex-v6.1.4\cursor\system-intel\intel-aggregator.ts:94:10)
    at Object.&lt;anonymous&gt; (C:\Projects\canai-cursor-codex-v6.1.4\cursor\system-intel\intel.test.ts:165:23)
    at Promise.then.completed (C:\Projects\canai-cursor-codex-v6.1.4\node_modules\jest-circus\build\utils.js:298:28)
    at new Promise (&lt;anonymous&gt;)
    at callAsyncCircusFn (C:\Projects\canai-cursor-codex-v6.1.4\node_modules\jest-circus\build\utils.js:231:10)
    at _callCircusHook (C:\Projects\canai-cursor-codex-v6.1.4\node_modules\jest-circus\build\run.js:281:40)
    at _runTest (C:\Projects\canai-cursor-codex-v6.1.4\node_modules\jest-circus\build\run.js:246:5)
    at _runTestsForDescribeBlock (C:\Projects\canai-cursor-codex-v6.1.4\node_modules\jest-circus\build\run.js:126:9)
    at _runTestsForDescribeBlock (C:\Projects\canai-cursor-codex-v6.1.4\node_modules\jest-circus\build\run.js:121:9)
    at _runTestsForDescribeBlock (C:\Projects\canai-cursor-codex-v6.1.4\node_modules\jest-circus\build\run.js:121:9)
    at run (C:\Projects\canai-cursor-codex-v6.1.4\node_modules\jest-circus\build\run.js:71:3)
    at runAndTransformResultsToJestFormat (C:\Projects\canai-cursor-codex-v6.1.4\node_modules\jest-circus\build\legacy-code-todo-rewrite\jestAdapterInit.js:122:21)
    at jestAdapter (C:\Projects\canai-cursor-codex-v6.1.4\node_modules\jest-circus\build\legacy-code-todo-rewrite\jestAdapter.js:79:19)
    at runTestInternal (C:\Projects\canai-cursor-codex-v6.1.4\node_modules\jest-runner\build\runTest.js:367:16)
    at runTest (C:\Projects\canai-cursor-codex-v6.1.4\node_modules\jest-runner\build\runTest.js:444:34)</failure>
    </testcase>
    <testcase classname="System Intel Module AgentStatusSurface should handle missing monitors gracefully" name="System Intel Module AgentStatusSurface should handle missing monitors gracefully" time="0.001">
      <failure>TypeError: this.eventBus.on is not a function
    at IntelAggregator.on [as setupEventListeners] (C:\Projects\canai-cursor-codex-v6.1.4\cursor\system-intel\intel-aggregator.ts:109:19)
    at new setupEventListeners (C:\Projects\canai-cursor-codex-v6.1.4\cursor\system-intel\intel-aggregator.ts:94:10)
    at Object.&lt;anonymous&gt; (C:\Projects\canai-cursor-codex-v6.1.4\cursor\system-intel\intel.test.ts:165:23)
    at Promise.then.completed (C:\Projects\canai-cursor-codex-v6.1.4\node_modules\jest-circus\build\utils.js:298:28)
    at new Promise (&lt;anonymous&gt;)
    at callAsyncCircusFn (C:\Projects\canai-cursor-codex-v6.1.4\node_modules\jest-circus\build\utils.js:231:10)
    at _callCircusHook (C:\Projects\canai-cursor-codex-v6.1.4\node_modules\jest-circus\build\run.js:281:40)
    at _runTest (C:\Projects\canai-cursor-codex-v6.1.4\node_modules\jest-circus\build\run.js:246:5)
    at _runTestsForDescribeBlock (C:\Projects\canai-cursor-codex-v6.1.4\node_modules\jest-circus\build\run.js:126:9)
    at _runTestsForDescribeBlock (C:\Projects\canai-cursor-codex-v6.1.4\node_modules\jest-circus\build\run.js:121:9)
    at _runTestsForDescribeBlock (C:\Projects\canai-cursor-codex-v6.1.4\node_modules\jest-circus\build\run.js:121:9)
    at run (C:\Projects\canai-cursor-codex-v6.1.4\node_modules\jest-circus\build\run.js:71:3)
    at runAndTransformResultsToJestFormat (C:\Projects\canai-cursor-codex-v6.1.4\node_modules\jest-circus\build\legacy-code-todo-rewrite\jestAdapterInit.js:122:21)
    at jestAdapter (C:\Projects\canai-cursor-codex-v6.1.4\node_modules\jest-circus\build\legacy-code-todo-rewrite\jestAdapter.js:79:19)
    at runTestInternal (C:\Projects\canai-cursor-codex-v6.1.4\node_modules\jest-runner\build\runTest.js:367:16)
    at runTest (C:\Projects\canai-cursor-codex-v6.1.4\node_modules\jest-runner\build\runTest.js:444:34)</failure>
    </testcase>
    <testcase classname="System Intel Module AgentStatusSurface should determine agent status correctly" name="System Intel Module AgentStatusSurface should determine agent status correctly" time="0.002">
      <failure>TypeError: this.eventBus.on is not a function
    at IntelAggregator.on [as setupEventListeners] (C:\Projects\canai-cursor-codex-v6.1.4\cursor\system-intel\intel-aggregator.ts:109:19)
    at new setupEventListeners (C:\Projects\canai-cursor-codex-v6.1.4\cursor\system-intel\intel-aggregator.ts:94:10)
    at Object.&lt;anonymous&gt; (C:\Projects\canai-cursor-codex-v6.1.4\cursor\system-intel\intel.test.ts:165:23)
    at Promise.then.completed (C:\Projects\canai-cursor-codex-v6.1.4\node_modules\jest-circus\build\utils.js:298:28)
    at new Promise (&lt;anonymous&gt;)
    at callAsyncCircusFn (C:\Projects\canai-cursor-codex-v6.1.4\node_modules\jest-circus\build\utils.js:231:10)
    at _callCircusHook (C:\Projects\canai-cursor-codex-v6.1.4\node_modules\jest-circus\build\run.js:281:40)
    at _runTest (C:\Projects\canai-cursor-codex-v6.1.4\node_modules\jest-circus\build\run.js:246:5)
    at _runTestsForDescribeBlock (C:\Projects\canai-cursor-codex-v6.1.4\node_modules\jest-circus\build\run.js:126:9)
    at _runTestsForDescribeBlock (C:\Projects\canai-cursor-codex-v6.1.4\node_modules\jest-circus\build\run.js:121:9)
    at _runTestsForDescribeBlock (C:\Projects\canai-cursor-codex-v6.1.4\node_modules\jest-circus\build\run.js:121:9)
    at run (C:\Projects\canai-cursor-codex-v6.1.4\node_modules\jest-circus\build\run.js:71:3)
    at runAndTransformResultsToJestFormat (C:\Projects\canai-cursor-codex-v6.1.4\node_modules\jest-circus\build\legacy-code-todo-rewrite\jestAdapterInit.js:122:21)
    at jestAdapter (C:\Projects\canai-cursor-codex-v6.1.4\node_modules\jest-circus\build\legacy-code-todo-rewrite\jestAdapter.js:79:19)
    at runTestInternal (C:\Projects\canai-cursor-codex-v6.1.4\node_modules\jest-runner\build\runTest.js:367:16)
    at runTest (C:\Projects\canai-cursor-codex-v6.1.4\node_modules\jest-runner\build\runTest.js:444:34)</failure>
    </testcase>
    <testcase classname="System Intel Module AgentStatusSurface should handle monitor failures gracefully" name="System Intel Module AgentStatusSurface should handle monitor failures gracefully" time="0.001">
      <failure>TypeError: this.eventBus.on is not a function
    at IntelAggregator.on [as setupEventListeners] (C:\Projects\canai-cursor-codex-v6.1.4\cursor\system-intel\intel-aggregator.ts:109:19)
    at new setupEventListeners (C:\Projects\canai-cursor-codex-v6.1.4\cursor\system-intel\intel-aggregator.ts:94:10)
    at Object.&lt;anonymous&gt; (C:\Projects\canai-cursor-codex-v6.1.4\cursor\system-intel\intel.test.ts:165:23)
    at Promise.then.completed (C:\Projects\canai-cursor-codex-v6.1.4\node_modules\jest-circus\build\utils.js:298:28)
    at new Promise (&lt;anonymous&gt;)
    at callAsyncCircusFn (C:\Projects\canai-cursor-codex-v6.1.4\node_modules\jest-circus\build\utils.js:231:10)
    at _callCircusHook (C:\Projects\canai-cursor-codex-v6.1.4\node_modules\jest-circus\build\run.js:281:40)
    at _runTest (C:\Projects\canai-cursor-codex-v6.1.4\node_modules\jest-circus\build\run.js:246:5)
    at _runTestsForDescribeBlock (C:\Projects\canai-cursor-codex-v6.1.4\node_modules\jest-circus\build\run.js:126:9)
    at _runTestsForDescribeBlock (C:\Projects\canai-cursor-codex-v6.1.4\node_modules\jest-circus\build\run.js:121:9)
    at _runTestsForDescribeBlock (C:\Projects\canai-cursor-codex-v6.1.4\node_modules\jest-circus\build\run.js:121:9)
    at run (C:\Projects\canai-cursor-codex-v6.1.4\node_modules\jest-circus\build\run.js:71:3)
    at runAndTransformResultsToJestFormat (C:\Projects\canai-cursor-codex-v6.1.4\node_modules\jest-circus\build\legacy-code-todo-rewrite\jestAdapterInit.js:122:21)
    at jestAdapter (C:\Projects\canai-cursor-codex-v6.1.4\node_modules\jest-circus\build\legacy-code-todo-rewrite\jestAdapter.js:79:19)
    at runTestInternal (C:\Projects\canai-cursor-codex-v6.1.4\node_modules\jest-runner\build\runTest.js:367:16)
    at runTest (C:\Projects\canai-cursor-codex-v6.1.4\node_modules\jest-runner\build\runTest.js:444:34)</failure>
    </testcase>
    <testcase classname="System Intel Module SnapshotEmitter should emit snapshots at configured intervals" name="System Intel Module SnapshotEmitter should emit snapshots at configured intervals" time="0">
      <failure>TypeError: this.eventBus.on is not a function
    at IntelAggregator.on [as setupEventListeners] (C:\Projects\canai-cursor-codex-v6.1.4\cursor\system-intel\intel-aggregator.ts:109:19)
    at new setupEventListeners (C:\Projects\canai-cursor-codex-v6.1.4\cursor\system-intel\intel-aggregator.ts:94:10)
    at Object.&lt;anonymous&gt; (C:\Projects\canai-cursor-codex-v6.1.4\cursor\system-intel\intel.test.ts:165:23)
    at Promise.then.completed (C:\Projects\canai-cursor-codex-v6.1.4\node_modules\jest-circus\build\utils.js:298:28)
    at new Promise (&lt;anonymous&gt;)
    at callAsyncCircusFn (C:\Projects\canai-cursor-codex-v6.1.4\node_modules\jest-circus\build\utils.js:231:10)
    at _callCircusHook (C:\Projects\canai-cursor-codex-v6.1.4\node_modules\jest-circus\build\run.js:281:40)
    at _runTest (C:\Projects\canai-cursor-codex-v6.1.4\node_modules\jest-circus\build\run.js:246:5)
    at _runTestsForDescribeBlock (C:\Projects\canai-cursor-codex-v6.1.4\node_modules\jest-circus\build\run.js:126:9)
    at _runTestsForDescribeBlock (C:\Projects\canai-cursor-codex-v6.1.4\node_modules\jest-circus\build\run.js:121:9)
    at _runTestsForDescribeBlock (C:\Projects\canai-cursor-codex-v6.1.4\node_modules\jest-circus\build\run.js:121:9)
    at run (C:\Projects\canai-cursor-codex-v6.1.4\node_modules\jest-circus\build\run.js:71:3)
    at runAndTransformResultsToJestFormat (C:\Projects\canai-cursor-codex-v6.1.4\node_modules\jest-circus\build\legacy-code-todo-rewrite\jestAdapterInit.js:122:21)
    at jestAdapter (C:\Projects\canai-cursor-codex-v6.1.4\node_modules\jest-circus\build\legacy-code-todo-rewrite\jestAdapter.js:79:19)
    at runTestInternal (C:\Projects\canai-cursor-codex-v6.1.4\node_modules\jest-runner\build\runTest.js:367:16)
    at runTest (C:\Projects\canai-cursor-codex-v6.1.4\node_modules\jest-runner\build\runTest.js:444:34)</failure>
    </testcase>
    <testcase classname="System Intel Module SnapshotEmitter should maintain snapshot history size limit" name="System Intel Module SnapshotEmitter should maintain snapshot history size limit" time="0.001">
      <failure>TypeError: this.eventBus.on is not a function
    at IntelAggregator.on [as setupEventListeners] (C:\Projects\canai-cursor-codex-v6.1.4\cursor\system-intel\intel-aggregator.ts:109:19)
    at new setupEventListeners (C:\Projects\canai-cursor-codex-v6.1.4\cursor\system-intel\intel-aggregator.ts:94:10)
    at Object.&lt;anonymous&gt; (C:\Projects\canai-cursor-codex-v6.1.4\cursor\system-intel\intel.test.ts:165:23)
    at Promise.then.completed (C:\Projects\canai-cursor-codex-v6.1.4\node_modules\jest-circus\build\utils.js:298:28)
    at new Promise (&lt;anonymous&gt;)
    at callAsyncCircusFn (C:\Projects\canai-cursor-codex-v6.1.4\node_modules\jest-circus\build\utils.js:231:10)
    at _callCircusHook (C:\Projects\canai-cursor-codex-v6.1.4\node_modules\jest-circus\build\run.js:281:40)
    at _runTest (C:\Projects\canai-cursor-codex-v6.1.4\node_modules\jest-circus\build\run.js:246:5)
    at _runTestsForDescribeBlock (C:\Projects\canai-cursor-codex-v6.1.4\node_modules\jest-circus\build\run.js:126:9)
    at _runTestsForDescribeBlock (C:\Projects\canai-cursor-codex-v6.1.4\node_modules\jest-circus\build\run.js:121:9)
    at _runTestsForDescribeBlock (C:\Projects\canai-cursor-codex-v6.1.4\node_modules\jest-circus\build\run.js:121:9)
    at run (C:\Projects\canai-cursor-codex-v6.1.4\node_modules\jest-circus\build\run.js:71:3)
    at runAndTransformResultsToJestFormat (C:\Projects\canai-cursor-codex-v6.1.4\node_modules\jest-circus\build\legacy-code-todo-rewrite\jestAdapterInit.js:122:21)
    at jestAdapter (C:\Projects\canai-cursor-codex-v6.1.4\node_modules\jest-circus\build\legacy-code-todo-rewrite\jestAdapter.js:79:19)
    at runTestInternal (C:\Projects\canai-cursor-codex-v6.1.4\node_modules\jest-runner\build\runTest.js:367:16)
    at runTest (C:\Projects\canai-cursor-codex-v6.1.4\node_modules\jest-runner\build\runTest.js:444:34)</failure>
    </testcase>
    <testcase classname="System Intel Module SnapshotEmitter should handle partial agent failure during snapshot generation" name="System Intel Module SnapshotEmitter should handle partial agent failure during snapshot generation" time="0">
      <failure>TypeError: this.eventBus.on is not a function
    at IntelAggregator.on [as setupEventListeners] (C:\Projects\canai-cursor-codex-v6.1.4\cursor\system-intel\intel-aggregator.ts:109:19)
    at new setupEventListeners (C:\Projects\canai-cursor-codex-v6.1.4\cursor\system-intel\intel-aggregator.ts:94:10)
    at Object.&lt;anonymous&gt; (C:\Projects\canai-cursor-codex-v6.1.4\cursor\system-intel\intel.test.ts:165:23)
    at Promise.then.completed (C:\Projects\canai-cursor-codex-v6.1.4\node_modules\jest-circus\build\utils.js:298:28)
    at new Promise (&lt;anonymous&gt;)
    at callAsyncCircusFn (C:\Projects\canai-cursor-codex-v6.1.4\node_modules\jest-circus\build\utils.js:231:10)
    at _callCircusHook (C:\Projects\canai-cursor-codex-v6.1.4\node_modules\jest-circus\build\run.js:281:40)
    at _runTest (C:\Projects\canai-cursor-codex-v6.1.4\node_modules\jest-circus\build\run.js:246:5)
    at _runTestsForDescribeBlock (C:\Projects\canai-cursor-codex-v6.1.4\node_modules\jest-circus\build\run.js:126:9)
    at _runTestsForDescribeBlock (C:\Projects\canai-cursor-codex-v6.1.4\node_modules\jest-circus\build\run.js:121:9)
    at _runTestsForDescribeBlock (C:\Projects\canai-cursor-codex-v6.1.4\node_modules\jest-circus\build\run.js:121:9)
    at run (C:\Projects\canai-cursor-codex-v6.1.4\node_modules\jest-circus\build\run.js:71:3)
    at runAndTransformResultsToJestFormat (C:\Projects\canai-cursor-codex-v6.1.4\node_modules\jest-circus\build\legacy-code-todo-rewrite\jestAdapterInit.js:122:21)
    at jestAdapter (C:\Projects\canai-cursor-codex-v6.1.4\node_modules\jest-circus\build\legacy-code-todo-rewrite\jestAdapter.js:79:19)
    at runTestInternal (C:\Projects\canai-cursor-codex-v6.1.4\node_modules\jest-runner\build\runTest.js:367:16)
    at runTest (C:\Projects\canai-cursor-codex-v6.1.4\node_modules\jest-runner\build\runTest.js:444:34)</failure>
    </testcase>
    <testcase classname="System Intel Module SnapshotEmitter should handle file system errors gracefully" name="System Intel Module SnapshotEmitter should handle file system errors gracefully" time="0.001">
      <failure>TypeError: this.eventBus.on is not a function
    at IntelAggregator.on [as setupEventListeners] (C:\Projects\canai-cursor-codex-v6.1.4\cursor\system-intel\intel-aggregator.ts:109:19)
    at new setupEventListeners (C:\Projects\canai-cursor-codex-v6.1.4\cursor\system-intel\intel-aggregator.ts:94:10)
    at Object.&lt;anonymous&gt; (C:\Projects\canai-cursor-codex-v6.1.4\cursor\system-intel\intel.test.ts:165:23)
    at Promise.then.completed (C:\Projects\canai-cursor-codex-v6.1.4\node_modules\jest-circus\build\utils.js:298:28)
    at new Promise (&lt;anonymous&gt;)
    at callAsyncCircusFn (C:\Projects\canai-cursor-codex-v6.1.4\node_modules\jest-circus\build\utils.js:231:10)
    at _callCircusHook (C:\Projects\canai-cursor-codex-v6.1.4\node_modules\jest-circus\build\run.js:281:40)
    at _runTest (C:\Projects\canai-cursor-codex-v6.1.4\node_modules\jest-circus\build\run.js:246:5)
    at _runTestsForDescribeBlock (C:\Projects\canai-cursor-codex-v6.1.4\node_modules\jest-circus\build\run.js:126:9)
    at _runTestsForDescribeBlock (C:\Projects\canai-cursor-codex-v6.1.4\node_modules\jest-circus\build\run.js:121:9)
    at _runTestsForDescribeBlock (C:\Projects\canai-cursor-codex-v6.1.4\node_modules\jest-circus\build\run.js:121:9)
    at run (C:\Projects\canai-cursor-codex-v6.1.4\node_modules\jest-circus\build\run.js:71:3)
    at runAndTransformResultsToJestFormat (C:\Projects\canai-cursor-codex-v6.1.4\node_modules\jest-circus\build\legacy-code-todo-rewrite\jestAdapterInit.js:122:21)
    at jestAdapter (C:\Projects\canai-cursor-codex-v6.1.4\node_modules\jest-circus\build\legacy-code-todo-rewrite\jestAdapter.js:79:19)
    at runTestInternal (C:\Projects\canai-cursor-codex-v6.1.4\node_modules\jest-runner\build\runTest.js:367:16)
    at runTest (C:\Projects\canai-cursor-codex-v6.1.4\node_modules\jest-runner\build\runTest.js:444:34)</failure>
    </testcase>
    <testcase classname="System Intel Module TrustTimeline should record trust deltas" name="System Intel Module TrustTimeline should record trust deltas" time="0.001">
      <failure>TypeError: this.eventBus.on is not a function
    at IntelAggregator.on [as setupEventListeners] (C:\Projects\canai-cursor-codex-v6.1.4\cursor\system-intel\intel-aggregator.ts:109:19)
    at new setupEventListeners (C:\Projects\canai-cursor-codex-v6.1.4\cursor\system-intel\intel-aggregator.ts:94:10)
    at Object.&lt;anonymous&gt; (C:\Projects\canai-cursor-codex-v6.1.4\cursor\system-intel\intel.test.ts:165:23)
    at Promise.then.completed (C:\Projects\canai-cursor-codex-v6.1.4\node_modules\jest-circus\build\utils.js:298:28)
    at new Promise (&lt;anonymous&gt;)
    at callAsyncCircusFn (C:\Projects\canai-cursor-codex-v6.1.4\node_modules\jest-circus\build\utils.js:231:10)
    at _callCircusHook (C:\Projects\canai-cursor-codex-v6.1.4\node_modules\jest-circus\build\run.js:281:40)
    at _runTest (C:\Projects\canai-cursor-codex-v6.1.4\node_modules\jest-circus\build\run.js:246:5)
    at _runTestsForDescribeBlock (C:\Projects\canai-cursor-codex-v6.1.4\node_modules\jest-circus\build\run.js:126:9)
    at _runTestsForDescribeBlock (C:\Projects\canai-cursor-codex-v6.1.4\node_modules\jest-circus\build\run.js:121:9)
    at _runTestsForDescribeBlock (C:\Projects\canai-cursor-codex-v6.1.4\node_modules\jest-circus\build\run.js:121:9)
    at run (C:\Projects\canai-cursor-codex-v6.1.4\node_modules\jest-circus\build\run.js:71:3)
    at runAndTransformResultsToJestFormat (C:\Projects\canai-cursor-codex-v6.1.4\node_modules\jest-circus\build\legacy-code-todo-rewrite\jestAdapterInit.js:122:21)
    at jestAdapter (C:\Projects\canai-cursor-codex-v6.1.4\node_modules\jest-circus\build\legacy-code-todo-rewrite\jestAdapter.js:79:19)
    at runTestInternal (C:\Projects\canai-cursor-codex-v6.1.4\node_modules\jest-runner\build\runTest.js:367:16)
    at runTest (C:\Projects\canai-cursor-codex-v6.1.4\node_modules\jest-runner\build\runTest.js:444:34)</failure>
    </testcase>
    <testcase classname="System Intel Module TrustTimeline should calculate trust trends" name="System Intel Module TrustTimeline should calculate trust trends" time="0.001">
      <failure>TypeError: this.eventBus.on is not a function
    at IntelAggregator.on [as setupEventListeners] (C:\Projects\canai-cursor-codex-v6.1.4\cursor\system-intel\intel-aggregator.ts:109:19)
    at new setupEventListeners (C:\Projects\canai-cursor-codex-v6.1.4\cursor\system-intel\intel-aggregator.ts:94:10)
    at Object.&lt;anonymous&gt; (C:\Projects\canai-cursor-codex-v6.1.4\cursor\system-intel\intel.test.ts:165:23)
    at Promise.then.completed (C:\Projects\canai-cursor-codex-v6.1.4\node_modules\jest-circus\build\utils.js:298:28)
    at new Promise (&lt;anonymous&gt;)
    at callAsyncCircusFn (C:\Projects\canai-cursor-codex-v6.1.4\node_modules\jest-circus\build\utils.js:231:10)
    at _callCircusHook (C:\Projects\canai-cursor-codex-v6.1.4\node_modules\jest-circus\build\run.js:281:40)
    at _runTest (C:\Projects\canai-cursor-codex-v6.1.4\node_modules\jest-circus\build\run.js:246:5)
    at _runTestsForDescribeBlock (C:\Projects\canai-cursor-codex-v6.1.4\node_modules\jest-circus\build\run.js:126:9)
    at _runTestsForDescribeBlock (C:\Projects\canai-cursor-codex-v6.1.4\node_modules\jest-circus\build\run.js:121:9)
    at _runTestsForDescribeBlock (C:\Projects\canai-cursor-codex-v6.1.4\node_modules\jest-circus\build\run.js:121:9)
    at run (C:\Projects\canai-cursor-codex-v6.1.4\node_modules\jest-circus\build\run.js:71:3)
    at runAndTransformResultsToJestFormat (C:\Projects\canai-cursor-codex-v6.1.4\node_modules\jest-circus\build\legacy-code-todo-rewrite\jestAdapterInit.js:122:21)
    at jestAdapter (C:\Projects\canai-cursor-codex-v6.1.4\node_modules\jest-circus\build\legacy-code-todo-rewrite\jestAdapter.js:79:19)
    at runTestInternal (C:\Projects\canai-cursor-codex-v6.1.4\node_modules\jest-runner\build\runTest.js:367:16)
    at runTest (C:\Projects\canai-cursor-codex-v6.1.4\node_modules\jest-runner\build\runTest.js:444:34)</failure>
    </testcase>
    <testcase classname="System Intel Module TrustTimeline should handle time range queries" name="System Intel Module TrustTimeline should handle time range queries" time="0.001">
      <failure>TypeError: this.eventBus.on is not a function
    at IntelAggregator.on [as setupEventListeners] (C:\Projects\canai-cursor-codex-v6.1.4\cursor\system-intel\intel-aggregator.ts:109:19)
    at new setupEventListeners (C:\Projects\canai-cursor-codex-v6.1.4\cursor\system-intel\intel-aggregator.ts:94:10)
    at Object.&lt;anonymous&gt; (C:\Projects\canai-cursor-codex-v6.1.4\cursor\system-intel\intel.test.ts:165:23)
    at Promise.then.completed (C:\Projects\canai-cursor-codex-v6.1.4\node_modules\jest-circus\build\utils.js:298:28)
    at new Promise (&lt;anonymous&gt;)
    at callAsyncCircusFn (C:\Projects\canai-cursor-codex-v6.1.4\node_modules\jest-circus\build\utils.js:231:10)
    at _callCircusHook (C:\Projects\canai-cursor-codex-v6.1.4\node_modules\jest-circus\build\run.js:281:40)
    at _runTest (C:\Projects\canai-cursor-codex-v6.1.4\node_modules\jest-circus\build\run.js:246:5)
    at _runTestsForDescribeBlock (C:\Projects\canai-cursor-codex-v6.1.4\node_modules\jest-circus\build\run.js:126:9)
    at _runTestsForDescribeBlock (C:\Projects\canai-cursor-codex-v6.1.4\node_modules\jest-circus\build\run.js:121:9)
    at _runTestsForDescribeBlock (C:\Projects\canai-cursor-codex-v6.1.4\node_modules\jest-circus\build\run.js:121:9)
    at run (C:\Projects\canai-cursor-codex-v6.1.4\node_modules\jest-circus\build\run.js:71:3)
    at runAndTransformResultsToJestFormat (C:\Projects\canai-cursor-codex-v6.1.4\node_modules\jest-circus\build\legacy-code-todo-rewrite\jestAdapterInit.js:122:21)
    at jestAdapter (C:\Projects\canai-cursor-codex-v6.1.4\node_modules\jest-circus\build\legacy-code-todo-rewrite\jestAdapter.js:79:19)
    at runTestInternal (C:\Projects\canai-cursor-codex-v6.1.4\node_modules\jest-runner\build\runTest.js:367:16)
    at runTest (C:\Projects\canai-cursor-codex-v6.1.4\node_modules\jest-runner\build\runTest.js:444:34)</failure>
    </testcase>
    <testcase classname="System Intel Module TrustTimeline should calculate trust volatility over multiple time ranges" name="System Intel Module TrustTimeline should calculate trust volatility over multiple time ranges" time="0.001">
      <failure>TypeError: this.eventBus.on is not a function
    at IntelAggregator.on [as setupEventListeners] (C:\Projects\canai-cursor-codex-v6.1.4\cursor\system-intel\intel-aggregator.ts:109:19)
    at new setupEventListeners (C:\Projects\canai-cursor-codex-v6.1.4\cursor\system-intel\intel-aggregator.ts:94:10)
    at Object.&lt;anonymous&gt; (C:\Projects\canai-cursor-codex-v6.1.4\cursor\system-intel\intel.test.ts:165:23)
    at Promise.then.completed (C:\Projects\canai-cursor-codex-v6.1.4\node_modules\jest-circus\build\utils.js:298:28)
    at new Promise (&lt;anonymous&gt;)
    at callAsyncCircusFn (C:\Projects\canai-cursor-codex-v6.1.4\node_modules\jest-circus\build\utils.js:231:10)
    at _callCircusHook (C:\Projects\canai-cursor-codex-v6.1.4\node_modules\jest-circus\build\run.js:281:40)
    at _runTest (C:\Projects\canai-cursor-codex-v6.1.4\node_modules\jest-circus\build\run.js:246:5)
    at _runTestsForDescribeBlock (C:\Projects\canai-cursor-codex-v6.1.4\node_modules\jest-circus\build\run.js:126:9)
    at _runTestsForDescribeBlock (C:\Projects\canai-cursor-codex-v6.1.4\node_modules\jest-circus\build\run.js:121:9)
    at _runTestsForDescribeBlock (C:\Projects\canai-cursor-codex-v6.1.4\node_modules\jest-circus\build\run.js:121:9)
    at run (C:\Projects\canai-cursor-codex-v6.1.4\node_modules\jest-circus\build\run.js:71:3)
    at runAndTransformResultsToJestFormat (C:\Projects\canai-cursor-codex-v6.1.4\node_modules\jest-circus\build\legacy-code-todo-rewrite\jestAdapterInit.js:122:21)
    at jestAdapter (C:\Projects\canai-cursor-codex-v6.1.4\node_modules\jest-circus\build\legacy-code-todo-rewrite\jestAdapter.js:79:19)
    at runTestInternal (C:\Projects\canai-cursor-codex-v6.1.4\node_modules\jest-runner\build\runTest.js:367:16)
    at runTest (C:\Projects\canai-cursor-codex-v6.1.4\node_modules\jest-runner\build\runTest.js:444:34)</failure>
    </testcase>
    <testcase classname="System Intel Module TrustTimeline should handle concurrent delta recordings" name="System Intel Module TrustTimeline should handle concurrent delta recordings" time="0.002">
      <failure>TypeError: this.eventBus.on is not a function
    at IntelAggregator.on [as setupEventListeners] (C:\Projects\canai-cursor-codex-v6.1.4\cursor\system-intel\intel-aggregator.ts:109:19)
    at new setupEventListeners (C:\Projects\canai-cursor-codex-v6.1.4\cursor\system-intel\intel-aggregator.ts:94:10)
    at Object.&lt;anonymous&gt; (C:\Projects\canai-cursor-codex-v6.1.4\cursor\system-intel\intel.test.ts:165:23)
    at Promise.then.completed (C:\Projects\canai-cursor-codex-v6.1.4\node_modules\jest-circus\build\utils.js:298:28)
    at new Promise (&lt;anonymous&gt;)
    at callAsyncCircusFn (C:\Projects\canai-cursor-codex-v6.1.4\node_modules\jest-circus\build\utils.js:231:10)
    at _callCircusHook (C:\Projects\canai-cursor-codex-v6.1.4\node_modules\jest-circus\build\run.js:281:40)
    at _runTest (C:\Projects\canai-cursor-codex-v6.1.4\node_modules\jest-circus\build\run.js:246:5)
    at _runTestsForDescribeBlock (C:\Projects\canai-cursor-codex-v6.1.4\node_modules\jest-circus\build\run.js:126:9)
    at _runTestsForDescribeBlock (C:\Projects\canai-cursor-codex-v6.1.4\node_modules\jest-circus\build\run.js:121:9)
    at _runTestsForDescribeBlock (C:\Projects\canai-cursor-codex-v6.1.4\node_modules\jest-circus\build\run.js:121:9)
    at run (C:\Projects\canai-cursor-codex-v6.1.4\node_modules\jest-circus\build\run.js:71:3)
    at runAndTransformResultsToJestFormat (C:\Projects\canai-cursor-codex-v6.1.4\node_modules\jest-circus\build\legacy-code-todo-rewrite\jestAdapterInit.js:122:21)
    at jestAdapter (C:\Projects\canai-cursor-codex-v6.1.4\node_modules\jest-circus\build\legacy-code-todo-rewrite\jestAdapter.js:79:19)
    at runTestInternal (C:\Projects\canai-cursor-codex-v6.1.4\node_modules\jest-runner\build\runTest.js:367:16)
    at runTest (C:\Projects\canai-cursor-codex-v6.1.4\node_modules\jest-runner\build\runTest.js:444:34)</failure>
    </testcase>
    <testcase classname="System Intel Module TrustTimeline should handle invalid time ranges gracefully" name="System Intel Module TrustTimeline should handle invalid time ranges gracefully" time="0">
      <failure>TypeError: this.eventBus.on is not a function
    at IntelAggregator.on [as setupEventListeners] (C:\Projects\canai-cursor-codex-v6.1.4\cursor\system-intel\intel-aggregator.ts:109:19)
    at new setupEventListeners (C:\Projects\canai-cursor-codex-v6.1.4\cursor\system-intel\intel-aggregator.ts:94:10)
    at Object.&lt;anonymous&gt; (C:\Projects\canai-cursor-codex-v6.1.4\cursor\system-intel\intel.test.ts:165:23)
    at Promise.then.completed (C:\Projects\canai-cursor-codex-v6.1.4\node_modules\jest-circus\build\utils.js:298:28)
    at new Promise (&lt;anonymous&gt;)
    at callAsyncCircusFn (C:\Projects\canai-cursor-codex-v6.1.4\node_modules\jest-circus\build\utils.js:231:10)
    at _callCircusHook (C:\Projects\canai-cursor-codex-v6.1.4\node_modules\jest-circus\build\run.js:281:40)
    at _runTest (C:\Projects\canai-cursor-codex-v6.1.4\node_modules\jest-circus\build\run.js:246:5)
    at _runTestsForDescribeBlock (C:\Projects\canai-cursor-codex-v6.1.4\node_modules\jest-circus\build\run.js:126:9)
    at _runTestsForDescribeBlock (C:\Projects\canai-cursor-codex-v6.1.4\node_modules\jest-circus\build\run.js:121:9)
    at _runTestsForDescribeBlock (C:\Projects\canai-cursor-codex-v6.1.4\node_modules\jest-circus\build\run.js:121:9)
    at run (C:\Projects\canai-cursor-codex-v6.1.4\node_modules\jest-circus\build\run.js:71:3)
    at runAndTransformResultsToJestFormat (C:\Projects\canai-cursor-codex-v6.1.4\node_modules\jest-circus\build\legacy-code-todo-rewrite\jestAdapterInit.js:122:21)
    at jestAdapter (C:\Projects\canai-cursor-codex-v6.1.4\node_modules\jest-circus\build\legacy-code-todo-rewrite\jestAdapter.js:79:19)
    at runTestInternal (C:\Projects\canai-cursor-codex-v6.1.4\node_modules\jest-runner\build\runTest.js:367:16)
    at runTest (C:\Projects\canai-cursor-codex-v6.1.4\node_modules\jest-runner\build\runTest.js:444:34)</failure>
    </testcase>
  </testsuite>
  <testsuite name="EvolutionTriggerManager" errors="0" failures="5" skipped="0" timestamp="2025-05-15T23:44:16" time="0.175" tests="5">
    <testcase classname="EvolutionTriggerManager handleEvent should handle performance trigger from heartbeat event" name="EvolutionTriggerManager handleEvent should handle performance trigger from heartbeat event" time="0.003">
      <failure>Error: expect(jest.fn()).toHaveBeenCalledWith(...expected)

Expected: &quot;Evolution trigger activated: performance&quot;

Number of calls: 0
    at Object.&lt;anonymous&gt; (C:\Projects\canai-cursor-codex-v6.1.4\cursor\evolution-triggers\evolution-trigger.test.ts:89:26)</failure>
    </testcase>
    <testcase classname="EvolutionTriggerManager handleEvent should handle resource trigger from heartbeat event" name="EvolutionTriggerManager handleEvent should handle resource trigger from heartbeat event" time="0.001">
      <failure>Error: expect(jest.fn()).toHaveBeenCalledWith(...expected)

Expected: &quot;Evolution trigger activated: resource&quot;

Number of calls: 0
    at Object.&lt;anonymous&gt; (C:\Projects\canai-cursor-codex-v6.1.4\cursor\evolution-triggers\evolution-trigger.test.ts:118:26)</failure>
    </testcase>
    <testcase classname="EvolutionTriggerManager handleEvent should handle trust trigger from heartbeat event" name="EvolutionTriggerManager handleEvent should handle trust trigger from heartbeat event" time="0.001">
      <failure>Error: expect(jest.fn()).toHaveBeenCalledWith(...expected)

Expected: &quot;Evolution trigger activated: trust&quot;

Number of calls: 0
    at Object.&lt;anonymous&gt; (C:\Projects\canai-cursor-codex-v6.1.4\cursor\evolution-triggers\evolution-trigger.test.ts:148:26)</failure>
    </testcase>
    <testcase classname="EvolutionTriggerManager handleEvent should handle emotional trigger as fallback" name="EvolutionTriggerManager handleEvent should handle emotional trigger as fallback" time="0.001">
      <failure>Error: expect(jest.fn()).toHaveBeenCalledWith(...expected)

Expected: &quot;Evolution trigger activated: emotional&quot;

Number of calls: 0
    at Object.&lt;anonymous&gt; (C:\Projects\canai-cursor-codex-v6.1.4\cursor\evolution-triggers\evolution-trigger.test.ts:177:26)</failure>
    </testcase>
    <testcase classname="EvolutionTriggerManager handleEvent should extract all relevant metrics from heartbeat event" name="EvolutionTriggerManager handleEvent should extract all relevant metrics from heartbeat event" time="0.001">
      <failure>Error: expect(jest.fn()).toHaveBeenCalledWith(...expected)

Expected: &quot;Current metrics:&quot;, ObjectContaining {&quot;cpu&quot;: 0.95, &quot;memory&quot;: 0.95, &quot;responsiveness&quot;: 0.2, &quot;trustScore&quot;: 0.4}

Number of calls: 0
    at Object.&lt;anonymous&gt; (C:\Projects\canai-cursor-codex-v6.1.4\cursor\evolution-triggers\evolution-trigger.test.ts:206:26)</failure>
    </testcase>
  </testsuite>
  <testsuite name="CodexAligner" errors="0" failures="8" skipped="0" timestamp="2025-05-15T23:44:16" time="0.236" tests="12">
    <testcase classname="CodexAligner validateAlignment should validate prompt alignment" name="CodexAligner validateAlignment should validate prompt alignment" time="0.003">
      <failure>Error: expect(received).toBe(expected) // Object.is equality

Expected: true
Received: false
    at Object.&lt;anonymous&gt; (C:\Projects\canai-cursor-codex-v6.1.4\cursor\meta-control\codex-aligner.test.ts:120:22)</failure>
    </testcase>
    <testcase classname="CodexAligner validateAlignment should detect prompt misalignment" name="CodexAligner validateAlignment should detect prompt misalignment" time="0.003">
      <failure>Error: expect(jest.fn()).toHaveBeenCalledWith(...expected)

Expected: ObjectContaining {&quot;type&quot;: &quot;alignment:deviation&quot;}, &quot;high&quot;
Received: &quot;alignment:deviation&quot;, {&quot;content&quot;: &quot;Test prompt&quot;, &quot;metadata&quot;: {&quot;context&quot;: &quot;business&quot;, &quot;tone&quot;: &quot;casual&quot;}, &quot;timestamp&quot;: 1747352656691, &quot;type&quot;: &quot;prompt&quot;}, &quot;high&quot;

Number of calls: 1
    at Object.&lt;anonymous&gt; (C:\Projects\canai-cursor-codex-v6.1.4\cursor\meta-control\codex-aligner.test.ts:137:29)</failure>
    </testcase>
    <testcase classname="CodexAligner validateAlignment should validate response alignment" name="CodexAligner validateAlignment should validate response alignment" time="0.001">
      <failure>Error: expect(received).toBe(expected) // Object.is equality

Expected: true
Received: false
    at Object.&lt;anonymous&gt; (C:\Projects\canai-cursor-codex-v6.1.4\cursor\meta-control\codex-aligner.test.ts:152:22)</failure>
    </testcase>
    <testcase classname="CodexAligner validateAlignment should detect response misalignment" name="CodexAligner validateAlignment should detect response misalignment" time="0.003">
      <failure>Error: expect(jest.fn()).toHaveBeenCalledWith(...expected)

Expected: ObjectContaining {&quot;type&quot;: &quot;alignment:deviation&quot;}, &quot;high&quot;
Received: &quot;alignment:deviation&quot;, {&quot;content&quot;: &quot;Test response&quot;, &quot;metadata&quot;: {&quot;context&quot;: &quot;business&quot;, &quot;tone&quot;: &quot;casual&quot;}, &quot;timestamp&quot;: 1747352656696, &quot;type&quot;: &quot;response&quot;}, &quot;high&quot;

Number of calls: 1
    at Object.&lt;anonymous&gt; (C:\Projects\canai-cursor-codex-v6.1.4\cursor\meta-control\codex-aligner.test.ts:169:29)</failure>
    </testcase>
    <testcase classname="CodexAligner validateAlignment should validate behavior alignment" name="CodexAligner validateAlignment should validate behavior alignment" time="0.001">
    </testcase>
    <testcase classname="CodexAligner validateAlignment should detect behavior misalignment" name="CodexAligner validateAlignment should detect behavior misalignment" time="0.002">
      <failure>Error: expect(jest.fn()).toHaveBeenCalledWith(...expected)

Expected: ObjectContaining {&quot;type&quot;: &quot;alignment:deviation&quot;}, &quot;high&quot;
Received: &quot;alignment:deviation&quot;, {&quot;action&quot;: &quot;test-action&quot;, &quot;metadata&quot;: {&quot;context&quot;: &quot;business&quot;, &quot;tone&quot;: &quot;casual&quot;}, &quot;timestamp&quot;: 1747352656701, &quot;type&quot;: &quot;behavior&quot;}, &quot;high&quot;

Number of calls: 1
    at Object.&lt;anonymous&gt; (C:\Projects\canai-cursor-codex-v6.1.4\cursor\meta-control\codex-aligner.test.ts:201:29)</failure>
    </testcase>
    <testcase classname="CodexAligner enforceAlignment should enforce alignment for misaligned content" name="CodexAligner enforceAlignment should enforce alignment for misaligned content" time="0.001">
      <failure>Error: expect(jest.fn()).toHaveBeenCalledWith(...expected)

Expected: ObjectContaining {&quot;type&quot;: &quot;alignment:enforced&quot;}, &quot;medium&quot;
Received: &quot;alignment:enforced&quot;, {&quot;alignedContent&quot;: &quot;Test content
purpose
context
constraints&quot;, &quot;originalContent&quot;: &quot;Test content&quot;, &quot;timestamp&quot;: 1747352656704, &quot;type&quot;: &quot;prompt&quot;}, &quot;medium&quot;

Number of calls: 1
    at Object.&lt;anonymous&gt; (C:\Projects\canai-cursor-codex-v6.1.4\cursor\meta-control\codex-aligner.test.ts:222:29)</failure>
    </testcase>
    <testcase classname="CodexAligner enforceAlignment should handle alignment enforcement errors" name="CodexAligner enforceAlignment should handle alignment enforcement errors" time="0.003">
      <failure>Error: expect(jest.fn()).toHaveBeenCalledWith(...expected)

Expected: &quot;alignment:error&quot;, Any&lt;Object&gt;
Received
       1: &quot;alignment:enforced&quot;, {&quot;alignedContent&quot;: &quot;Test content
purpose
context
constraints&quot;, &quot;originalContent&quot;: &quot;Test content&quot;, &quot;timestamp&quot;: 1747352656706, &quot;type&quot;: &quot;prompt&quot;}, &quot;medium&quot;
       2: &quot;alignment:error&quot;, {&quot;content&quot;: {&quot;data&quot;: {&quot;content&quot;: &quot;Test content&quot;, &quot;metadata&quot;: {&quot;context&quot;: &quot;business&quot;, &quot;tone&quot;: &quot;casual&quot;}}, &quot;type&quot;: &quot;prompt&quot;}, &quot;error&quot;: &quot;Enforcement failed&quot;, &quot;timestamp&quot;: 1747352656706}, &quot;high&quot;

Number of calls: 2
    at Object.&lt;anonymous&gt; (C:\Projects\canai-cursor-codex-v6.1.4\cursor\meta-control\codex-aligner.test.ts:243:29)</failure>
    </testcase>
    <testcase classname="CodexAligner getAlignmentMetrics should return alignment metrics" name="CodexAligner getAlignmentMetrics should return alignment metrics" time="0.001">
    </testcase>
    <testcase classname="CodexAligner getAlignmentMetrics should handle metric calculation errors" name="CodexAligner getAlignmentMetrics should handle metric calculation errors" time="0.001">
    </testcase>
    <testcase classname="CodexAligner Error Handling should handle validation errors" name="CodexAligner Error Handling should handle validation errors" time="0.001">
      <failure>Error: Validation error
    at Object.&lt;anonymous&gt; (C:\Projects\canai-cursor-codex-v6.1.4\cursor\meta-control\codex-aligner.test.ts:278:43)
    at Promise.then.completed (C:\Projects\canai-cursor-codex-v6.1.4\node_modules\jest-circus\build\utils.js:298:28)
    at new Promise (&lt;anonymous&gt;)
    at callAsyncCircusFn (C:\Projects\canai-cursor-codex-v6.1.4\node_modules\jest-circus\build\utils.js:231:10)
    at _callCircusTest (C:\Projects\canai-cursor-codex-v6.1.4\node_modules\jest-circus\build\run.js:316:40)
    at _runTest (C:\Projects\canai-cursor-codex-v6.1.4\node_modules\jest-circus\build\run.js:252:3)
    at _runTestsForDescribeBlock (C:\Projects\canai-cursor-codex-v6.1.4\node_modules\jest-circus\build\run.js:126:9)
    at _runTestsForDescribeBlock (C:\Projects\canai-cursor-codex-v6.1.4\node_modules\jest-circus\build\run.js:121:9)
    at _runTestsForDescribeBlock (C:\Projects\canai-cursor-codex-v6.1.4\node_modules\jest-circus\build\run.js:121:9)
    at run (C:\Projects\canai-cursor-codex-v6.1.4\node_modules\jest-circus\build\run.js:71:3)
    at runAndTransformResultsToJestFormat (C:\Projects\canai-cursor-codex-v6.1.4\node_modules\jest-circus\build\legacy-code-todo-rewrite\jestAdapterInit.js:122:21)
    at jestAdapter (C:\Projects\canai-cursor-codex-v6.1.4\node_modules\jest-circus\build\legacy-code-todo-rewrite\jestAdapter.js:79:19)
    at runTestInternal (C:\Projects\canai-cursor-codex-v6.1.4\node_modules\jest-runner\build\runTest.js:367:16)
    at runTest (C:\Projects\canai-cursor-codex-v6.1.4\node_modules\jest-runner\build\runTest.js:444:34)</failure>
    </testcase>
    <testcase classname="CodexAligner Error Handling should handle metric retrieval errors" name="CodexAligner Error Handling should handle metric retrieval errors" time="0.002">
    </testcase>
  </testsuite>
  <testsuite name="TrustScorer" errors="0" failures="3" skipped="0" timestamp="2025-05-15T23:44:16" time="0.172" tests="7">
    <testcase classname="TrustScorer evaluateTrust should evaluate trust score from factors" name="TrustScorer evaluateTrust should evaluate trust score from factors" time="0.003">
    </testcase>
    <testcase classname="TrustScorer evaluateTrust should throw error for low trust score" name="TrustScorer evaluateTrust should throw error for low trust score" time="0.002">
      <failure>Error: expect(received).rejects.toThrow()

Received promise resolved instead of rejected
Resolved to value: 0.9
    at expect (C:\Projects\canai-cursor-codex-v6.1.4\node_modules\expect\build\index.js:113:15)
    at Object.&lt;anonymous&gt; (C:\Projects\canai-cursor-codex-v6.1.4\cursor\agents\trust-scorer\trust-scorer.test.ts:54:19)
    at Promise.then.completed (C:\Projects\canai-cursor-codex-v6.1.4\node_modules\jest-circus\build\utils.js:298:28)
    at new Promise (&lt;anonymous&gt;)
    at callAsyncCircusFn (C:\Projects\canai-cursor-codex-v6.1.4\node_modules\jest-circus\build\utils.js:231:10)
    at _callCircusTest (C:\Projects\canai-cursor-codex-v6.1.4\node_modules\jest-circus\build\run.js:316:40)
    at _runTest (C:\Projects\canai-cursor-codex-v6.1.4\node_modules\jest-circus\build\run.js:252:3)
    at _runTestsForDescribeBlock (C:\Projects\canai-cursor-codex-v6.1.4\node_modules\jest-circus\build\run.js:126:9)
    at _runTestsForDescribeBlock (C:\Projects\canai-cursor-codex-v6.1.4\node_modules\jest-circus\build\run.js:121:9)
    at _runTestsForDescribeBlock (C:\Projects\canai-cursor-codex-v6.1.4\node_modules\jest-circus\build\run.js:121:9)
    at run (C:\Projects\canai-cursor-codex-v6.1.4\node_modules\jest-circus\build\run.js:71:3)
    at runAndTransformResultsToJestFormat (C:\Projects\canai-cursor-codex-v6.1.4\node_modules\jest-circus\build\legacy-code-todo-rewrite\jestAdapterInit.js:122:21)
    at jestAdapter (C:\Projects\canai-cursor-codex-v6.1.4\node_modules\jest-circus\build\legacy-code-todo-rewrite\jestAdapter.js:79:19)
    at runTestInternal (C:\Projects\canai-cursor-codex-v6.1.4\node_modules\jest-runner\build\runTest.js:367:16)
    at runTest (C:\Projects\canai-cursor-codex-v6.1.4\node_modules\jest-runner\build\runTest.js:444:34)</failure>
    </testcase>
    <testcase classname="TrustScorer adjustTrustScore should adjust trust score within bounds" name="TrustScorer adjustTrustScore should adjust trust score within bounds" time="0.001">
    </testcase>
    <testcase classname="TrustScorer adjustTrustScore should not exceed maximum adjustment" name="TrustScorer adjustTrustScore should not exceed maximum adjustment" time="0.001">
    </testcase>
    <testcase classname="TrustScorer trust thresholds should emit warning for low trust score" name="TrustScorer trust thresholds should emit warning for low trust score" time="0.002">
      <failure>Error: expect(received).rejects.toThrow()

Received promise resolved instead of rejected
Resolved to value: 0.9
    at expect (C:\Projects\canai-cursor-codex-v6.1.4\node_modules\expect\build\index.js:113:15)
    at Object.&lt;anonymous&gt; (C:\Projects\canai-cursor-codex-v6.1.4\cursor\agents\trust-scorer\trust-scorer.test.ts:84:19)
    at Promise.then.completed (C:\Projects\canai-cursor-codex-v6.1.4\node_modules\jest-circus\build\utils.js:298:28)
    at new Promise (&lt;anonymous&gt;)
    at callAsyncCircusFn (C:\Projects\canai-cursor-codex-v6.1.4\node_modules\jest-circus\build\utils.js:231:10)
    at _callCircusTest (C:\Projects\canai-cursor-codex-v6.1.4\node_modules\jest-circus\build\run.js:316:40)
    at _runTest (C:\Projects\canai-cursor-codex-v6.1.4\node_modules\jest-circus\build\run.js:252:3)
    at _runTestsForDescribeBlock (C:\Projects\canai-cursor-codex-v6.1.4\node_modules\jest-circus\build\run.js:126:9)
    at _runTestsForDescribeBlock (C:\Projects\canai-cursor-codex-v6.1.4\node_modules\jest-circus\build\run.js:121:9)
    at _runTestsForDescribeBlock (C:\Projects\canai-cursor-codex-v6.1.4\node_modules\jest-circus\build\run.js:121:9)
    at run (C:\Projects\canai-cursor-codex-v6.1.4\node_modules\jest-circus\build\run.js:71:3)
    at runAndTransformResultsToJestFormat (C:\Projects\canai-cursor-codex-v6.1.4\node_modules\jest-circus\build\legacy-code-todo-rewrite\jestAdapterInit.js:122:21)
    at jestAdapter (C:\Projects\canai-cursor-codex-v6.1.4\node_modules\jest-circus\build\legacy-code-todo-rewrite\jestAdapter.js:79:19)
    at runTestInternal (C:\Projects\canai-cursor-codex-v6.1.4\node_modules\jest-runner\build\runTest.js:367:16)
    at runTest (C:\Projects\canai-cursor-codex-v6.1.4\node_modules\jest-runner\build\runTest.js:444:34)</failure>
    </testcase>
    <testcase classname="TrustScorer trust persistence should persist trust scores" name="TrustScorer trust persistence should persist trust scores" time="0.001">
    </testcase>
    <testcase classname="TrustScorer trust metrics should record trust metrics" name="TrustScorer trust metrics should record trust metrics" time="0.002">
      <failure>Error: expect(received).toBe(expected) // Object.is equality

Expected: 0.9
Received: 1
    at Object.&lt;anonymous&gt; (C:\Projects\canai-cursor-codex-v6.1.4\cursor\agents\trust-scorer\trust-scorer.test.ts:117:32)</failure>
    </testcase>
  </testsuite>
  <testsuite name="MetaEventRouter" errors="0" failures="1" skipped="0" timestamp="2025-05-15T23:44:17" time="0.385" tests="19">
    <testcase classname="MetaEventRouter Event Registration should register handlers with correct priority" name="MetaEventRouter Event Registration should register handlers with correct priority" time="0.004">
    </testcase>
    <testcase classname="MetaEventRouter System Health Events should handle system health check events" name="MetaEventRouter System Health Events should handle system health check events" time="0.006">
    </testcase>
    <testcase classname="MetaEventRouter System Health Events should handle system recovery events" name="MetaEventRouter System Health Events should handle system recovery events" time="0.008">
    </testcase>
    <testcase classname="MetaEventRouter Trust Management Events should handle trust violation events" name="MetaEventRouter Trust Management Events should handle trust violation events" time="0.004">
    </testcase>
    <testcase classname="MetaEventRouter Trust Management Events should handle trust restored events" name="MetaEventRouter Trust Management Events should handle trust restored events" time="0.006">
    </testcase>
    <testcase classname="MetaEventRouter Resource Management Events should handle resource warning events" name="MetaEventRouter Resource Management Events should handle resource warning events" time="0.004">
    </testcase>
    <testcase classname="MetaEventRouter Resource Management Events should handle resource degradation events" name="MetaEventRouter Resource Management Events should handle resource degradation events" time="0.004">
    </testcase>
    <testcase classname="MetaEventRouter Agent Management Events should handle agent selection events" name="MetaEventRouter Agent Management Events should handle agent selection events" time="0.005">
    </testcase>
    <testcase classname="MetaEventRouter Agent Management Events should handle agent failure events" name="MetaEventRouter Agent Management Events should handle agent failure events" time="0.004">
    </testcase>
    <testcase classname="MetaEventRouter Agent Management Events should handle agent timeout events" name="MetaEventRouter Agent Management Events should handle agent timeout events" time="0.005">
    </testcase>
    <testcase classname="MetaEventRouter Codex Alignment Events should handle alignment deviation events" name="MetaEventRouter Codex Alignment Events should handle alignment deviation events" time="0.007">
    </testcase>
    <testcase classname="MetaEventRouter Codex Alignment Events should handle alignment correction events" name="MetaEventRouter Codex Alignment Events should handle alignment correction events" time="0.003">
    </testcase>
    <testcase classname="MetaEventRouter Evolution Events should handle evolution triggered events" name="MetaEventRouter Evolution Events should handle evolution triggered events" time="0.003">
    </testcase>
    <testcase classname="MetaEventRouter Evolution Events should handle evolution completed events" name="MetaEventRouter Evolution Events should handle evolution completed events" time="0.003">
    </testcase>
    <testcase classname="MetaEventRouter Event History should maintain event history" name="MetaEventRouter Event History should maintain event history" time="0.002">
    </testcase>
    <testcase classname="MetaEventRouter Event History should limit history size" name="MetaEventRouter Event History should limit history size" time="0.003">
    </testcase>
    <testcase classname="MetaEventRouter Event History should clear event history" name="MetaEventRouter Event History should clear event history" time="0.001">
    </testcase>
    <testcase classname="MetaEventRouter Error Handling should handle handler errors gracefully" name="MetaEventRouter Error Handling should handle handler errors gracefully" time="0.075">
    </testcase>
    <testcase classname="MetaEventRouter Error Handling should handle routing errors gracefully" name="MetaEventRouter Error Handling should handle routing errors gracefully" time="0.025">
      <failure>Error: expect(jest.fn()).toHaveBeenCalledWith(...expected)

Expected: &quot;event:routing-error&quot;, ObjectContaining {&quot;error&quot;: Any&lt;Error&gt;, &quot;event&quot;: &quot;system:health-check&quot;}
Received: &quot;event:handler-error&quot;, {&quot;error&quot;: [Error: Routing error], &quot;event&quot;: &quot;system:health-check&quot;, &quot;handler&quot;: &quot;bound handleSystemHealthCheck&quot;}

Number of calls: 1
    at Object.&lt;anonymous&gt; (C:\Projects\canai-cursor-codex-v6.1.4\cursor\meta-control\event-router.test.ts:405:23)</failure>
    </testcase>
  </testsuite>
  <testsuite name="ResourceMonitor" errors="0" failures="2" skipped="0" timestamp="2025-05-15T23:44:17" time="0.181" tests="9">
    <testcase classname="ResourceMonitor Resource Usage Tracking should track CPU usage" name="ResourceMonitor Resource Usage Tracking should track CPU usage" time="0.002">
    </testcase>
    <testcase classname="ResourceMonitor Resource Usage Tracking should track memory usage" name="ResourceMonitor Resource Usage Tracking should track memory usage" time="0.001">
    </testcase>
    <testcase classname="ResourceMonitor Resource Usage Tracking should include timestamp in usage data" name="ResourceMonitor Resource Usage Tracking should include timestamp in usage data" time="0.001">
    </testcase>
    <testcase classname="ResourceMonitor Resource Usage Tracking should handle concurrent resource usage requests" name="ResourceMonitor Resource Usage Tracking should handle concurrent resource usage requests" time="0.007">
    </testcase>
    <testcase classname="ResourceMonitor Threshold Checking should detect warning levels" name="ResourceMonitor Threshold Checking should detect warning levels" time="0.001">
      <failure>Error: expect(received).toBe(expected) // Object.is equality

Expected: true
Received: false
    at Object.&lt;anonymous&gt; (C:\Projects\canai-cursor-codex-v6.1.4\cursor\optimization\__tests__\resource-monitor.test.ts:103:32)</failure>
    </testcase>
    <testcase classname="ResourceMonitor Threshold Checking should detect critical levels" name="ResourceMonitor Threshold Checking should detect critical levels" time="0.001">
    </testcase>
    <testcase classname="ResourceMonitor Threshold Checking should handle multiple exceeded resources" name="ResourceMonitor Threshold Checking should handle multiple exceeded resources" time="0.002">
      <failure>Error: expect(received).toContain(expected) // indexOf

Expected value: &quot;CPU&quot;
Received array: [&quot;Memory&quot;]
    at Object.&lt;anonymous&gt; (C:\Projects\canai-cursor-codex-v6.1.4\cursor\optimization\__tests__\resource-monitor.test.ts:141:40)</failure>
    </testcase>
    <testcase classname="ResourceMonitor Threshold Management should update thresholds" name="ResourceMonitor Threshold Management should update thresholds" time="0.001">
    </testcase>
    <testcase classname="ResourceMonitor Threshold Management should handle partial threshold updates" name="ResourceMonitor Threshold Management should handle partial threshold updates" time="0.001">
    </testcase>
  </testsuite>
  <testsuite name="Dream-State Config Loader" errors="0" failures="2" skipped="0" timestamp="2025-05-15T23:44:17" time="0.252" tests="2">
    <testcase classname="Dream-State Config Loader should load valid dreamstate-config.json safely" name="Dream-State Config Loader should load valid dreamstate-config.json safely" time="0.022">
      <failure>Error: expect(received).toMatchObject(expected)

- Expected  - 1
+ Received  + 0

@@ -1,7 +1,6 @@
  Object {
-   &quot;$schemaVersion&quot;: Any&lt;String&gt;,
    &quot;emotionalUx&quot;: ObjectContaining {
      &quot;errorTone&quot;: Any&lt;String&gt;,
      &quot;rateLimitTone&quot;: Any&lt;String&gt;,
      &quot;validationTone&quot;: Any&lt;String&gt;,
    },
    at Object.&lt;anonymous&gt; (C:\Projects\canai-cursor-codex-v6.1.4\tests\tools\loadDreamstateConfig.test.ts:14:20)
    at Promise.then.completed (C:\Projects\canai-cursor-codex-v6.1.4\node_modules\jest-circus\build\utils.js:298:28)
    at new Promise (&lt;anonymous&gt;)
    at callAsyncCircusFn (C:\Projects\canai-cursor-codex-v6.1.4\node_modules\jest-circus\build\utils.js:231:10)
    at _callCircusTest (C:\Projects\canai-cursor-codex-v6.1.4\node_modules\jest-circus\build\run.js:316:40)
    at _runTest (C:\Projects\canai-cursor-codex-v6.1.4\node_modules\jest-circus\build\run.js:252:3)
    at _runTestsForDescribeBlock (C:\Projects\canai-cursor-codex-v6.1.4\node_modules\jest-circus\build\run.js:126:9)
    at _runTestsForDescribeBlock (C:\Projects\canai-cursor-codex-v6.1.4\node_modules\jest-circus\build\run.js:121:9)
    at run (C:\Projects\canai-cursor-codex-v6.1.4\node_modules\jest-circus\build\run.js:71:3)
    at runAndTransformResultsToJestFormat (C:\Projects\canai-cursor-codex-v6.1.4\node_modules\jest-circus\build\legacy-code-todo-rewrite\jestAdapterInit.js:122:21)
    at jestAdapter (C:\Projects\canai-cursor-codex-v6.1.4\node_modules\jest-circus\build\legacy-code-todo-rewrite\jestAdapter.js:79:19)
    at runTestInternal (C:\Projects\canai-cursor-codex-v6.1.4\node_modules\jest-runner\build\runTest.js:367:16)
    at runTest (C:\Projects\canai-cursor-codex-v6.1.4\node_modules\jest-runner\build\runTest.js:444:34)</failure>
    </testcase>
    <testcase classname="Dream-State Config Loader should ensure required top-level fields exist" name="Dream-State Config Loader should ensure required top-level fields exist" time="0.041">
      <failure>Error: expect(received).toHaveProperty(path)

Expected path: &quot;$schemaVersion&quot;
Received path: []

Received value: {&quot;emotionalUx&quot;: {&quot;errorTone&quot;: &quot;reassuring&quot;, &quot;rateLimitTone&quot;: &quot;empathetic&quot;, &quot;validationTone&quot;: &quot;supportive&quot;}, &quot;errors&quot;: {&quot;defaultErrorCode&quot;: &quot;INTERNAL_SERVER_ERROR&quot;, &quot;defaultErrorMessage&quot;: &quot;Something went wrong. Please try again later.&quot;, &quot;invalidInputCode&quot;: &quot;INVALID_INPUT&quot;, &quot;invalidInputMessage&quot;: &quot;One or more fields are invalid. Please check your input and try again.&quot;, &quot;rateLimitExceededCode&quot;: &quot;RATE_LIMIT_EXCEEDED&quot;, &quot;rateLimitExceededMessage&quot;: &quot;You&apos;re sending requests too quickly. Please slow down and try again.&quot;}, &quot;payload&quot;: {&quot;maxMetaFields&quot;: 10, &quot;maxRequestBodyKb&quot;: 128, &quot;maxResponseBodyKb&quot;: 256}, &quot;rateLimit&quot;: {&quot;defaultRetryAfterSeconds&quot;: 60, &quot;earlyScalingLimit&quot;: 100, &quot;earlyScalingWindowMs&quot;: 60000}}
    at Object.&lt;anonymous&gt; (C:\Projects\canai-cursor-codex-v6.1.4\tests\tools\loadDreamstateConfig.test.ts:49:20)
    at Promise.then.completed (C:\Projects\canai-cursor-codex-v6.1.4\node_modules\jest-circus\build\utils.js:298:28)
    at new Promise (&lt;anonymous&gt;)
    at callAsyncCircusFn (C:\Projects\canai-cursor-codex-v6.1.4\node_modules\jest-circus\build\utils.js:231:10)
    at _callCircusTest (C:\Projects\canai-cursor-codex-v6.1.4\node_modules\jest-circus\build\run.js:316:40)
    at _runTest (C:\Projects\canai-cursor-codex-v6.1.4\node_modules\jest-circus\build\run.js:252:3)
    at _runTestsForDescribeBlock (C:\Projects\canai-cursor-codex-v6.1.4\node_modules\jest-circus\build\run.js:126:9)
    at _runTestsForDescribeBlock (C:\Projects\canai-cursor-codex-v6.1.4\node_modules\jest-circus\build\run.js:121:9)
    at run (C:\Projects\canai-cursor-codex-v6.1.4\node_modules\jest-circus\build\run.js:71:3)
    at runAndTransformResultsToJestFormat (C:\Projects\canai-cursor-codex-v6.1.4\node_modules\jest-circus\build\legacy-code-todo-rewrite\jestAdapterInit.js:122:21)
    at jestAdapter (C:\Projects\canai-cursor-codex-v6.1.4\node_modules\jest-circus\build\legacy-code-todo-rewrite\jestAdapter.js:79:19)
    at runTestInternal (C:\Projects\canai-cursor-codex-v6.1.4\node_modules\jest-runner\build\runTest.js:367:16)
    at runTest (C:\Projects\canai-cursor-codex-v6.1.4\node_modules\jest-runner\build\runTest.js:444:34)</failure>
    </testcase>
  </testsuite>
  <testsuite name="LogValidator" errors="0" failures="2" skipped="0" timestamp="2025-05-15T23:44:18" time="0.312" tests="5">
    <testcase classname="LogValidator validateLog should validate valid log" name="LogValidator validateLog should validate valid log" time="0.002">
      <failure>Error: expect(received).toBe(expected) // Object.is equality

Expected: true
Received: undefined
    at Object.&lt;anonymous&gt; (C:\Projects\canai-cursor-codex-v6.1.4\cursor\agents\debug\utils\__tests__\log-validator.test.ts:38:22)
    at Promise.then.completed (C:\Projects\canai-cursor-codex-v6.1.4\node_modules\jest-circus\build\utils.js:298:28)
    at new Promise (&lt;anonymous&gt;)
    at callAsyncCircusFn (C:\Projects\canai-cursor-codex-v6.1.4\node_modules\jest-circus\build\utils.js:231:10)
    at _callCircusTest (C:\Projects\canai-cursor-codex-v6.1.4\node_modules\jest-circus\build\run.js:316:40)
    at _runTest (C:\Projects\canai-cursor-codex-v6.1.4\node_modules\jest-circus\build\run.js:252:3)
    at _runTestsForDescribeBlock (C:\Projects\canai-cursor-codex-v6.1.4\node_modules\jest-circus\build\run.js:126:9)
    at _runTestsForDescribeBlock (C:\Projects\canai-cursor-codex-v6.1.4\node_modules\jest-circus\build\run.js:121:9)
    at _runTestsForDescribeBlock (C:\Projects\canai-cursor-codex-v6.1.4\node_modules\jest-circus\build\run.js:121:9)
    at run (C:\Projects\canai-cursor-codex-v6.1.4\node_modules\jest-circus\build\run.js:71:3)
    at runAndTransformResultsToJestFormat (C:\Projects\canai-cursor-codex-v6.1.4\node_modules\jest-circus\build\legacy-code-todo-rewrite\jestAdapterInit.js:122:21)
    at jestAdapter (C:\Projects\canai-cursor-codex-v6.1.4\node_modules\jest-circus\build\legacy-code-todo-rewrite\jestAdapter.js:79:19)
    at runTestInternal (C:\Projects\canai-cursor-codex-v6.1.4\node_modules\jest-runner\build\runTest.js:367:16)
    at runTest (C:\Projects\canai-cursor-codex-v6.1.4\node_modules\jest-runner\build\runTest.js:444:34)</failure>
    </testcase>
    <testcase classname="LogValidator validateLog should reject empty log" name="LogValidator validateLog should reject empty log" time="0.001">
    </testcase>
    <testcase classname="LogValidator validateLog should reject oversized log" name="LogValidator validateLog should reject oversized log" time="0.001">
    </testcase>
    <testcase classname="LogValidator validateLog should validate log with stack trace" name="LogValidator validateLog should validate log with stack trace" time="0.001">
    </testcase>
    <testcase classname="LogValidator validateLog should validate log with context" name="LogValidator validateLog should validate log with context" time="0.001">
      <failure>Error: expect(received).toBe(expected) // Object.is equality

Expected: true
Received: undefined
    at Object.&lt;anonymous&gt; (C:\Projects\canai-cursor-codex-v6.1.4\cursor\agents\debug\utils\__tests__\log-validator.test.ts:58:22)
    at Promise.then.completed (C:\Projects\canai-cursor-codex-v6.1.4\node_modules\jest-circus\build\utils.js:298:28)
    at new Promise (&lt;anonymous&gt;)
    at callAsyncCircusFn (C:\Projects\canai-cursor-codex-v6.1.4\node_modules\jest-circus\build\utils.js:231:10)
    at _callCircusTest (C:\Projects\canai-cursor-codex-v6.1.4\node_modules\jest-circus\build\run.js:316:40)
    at _runTest (C:\Projects\canai-cursor-codex-v6.1.4\node_modules\jest-circus\build\run.js:252:3)
    at _runTestsForDescribeBlock (C:\Projects\canai-cursor-codex-v6.1.4\node_modules\jest-circus\build\run.js:126:9)
    at _runTestsForDescribeBlock (C:\Projects\canai-cursor-codex-v6.1.4\node_modules\jest-circus\build\run.js:121:9)
    at _runTestsForDescribeBlock (C:\Projects\canai-cursor-codex-v6.1.4\node_modules\jest-circus\build\run.js:121:9)
    at run (C:\Projects\canai-cursor-codex-v6.1.4\node_modules\jest-circus\build\run.js:71:3)
    at runAndTransformResultsToJestFormat (C:\Projects\canai-cursor-codex-v6.1.4\node_modules\jest-circus\build\legacy-code-todo-rewrite\jestAdapterInit.js:122:21)
    at jestAdapter (C:\Projects\canai-cursor-codex-v6.1.4\node_modules\jest-circus\build\legacy-code-todo-rewrite\jestAdapter.js:79:19)
    at runTestInternal (C:\Projects\canai-cursor-codex-v6.1.4\node_modules\jest-runner\build\runTest.js:367:16)
    at runTest (C:\Projects\canai-cursor-codex-v6.1.4\node_modules\jest-runner\build\runTest.js:444:34)</failure>
    </testcase>
  </testsuite>
  <testsuite name="MotivationHook" errors="0" failures="1" skipped="0" timestamp="2025-05-15T23:44:18" time="0.145" tests="5">
    <testcase classname="MotivationHook should infer motivation hook for valid intent" name="MotivationHook should infer motivation hook for valid intent" time="0.002">
    </testcase>
    <testcase classname="MotivationHook should fallback for null input" name="MotivationHook should fallback for null input" time="0.001">
      <failure>TypeError: Cannot read properties of null (reading &apos;motivationHook&apos;)
    at Object.&lt;anonymous&gt; (C:\Projects\canai-cursor-codex-v6.1.4\cursor\preprocessors\motivation-hook.test.ts:53:19)</failure>
    </testcase>
    <testcase classname="MotivationHook should fallback for missing spark/vision quotes" name="MotivationHook should fallback for missing spark/vision quotes" time="0.001">
    </testcase>
    <testcase classname="MotivationHook should fallback for chaos input" name="MotivationHook should fallback for chaos input" time="0">
    </testcase>
    <testcase classname="MotivationHook should match snapshot for valid and fallback" name="MotivationHook should match snapshot for valid and fallback" time="0.005">
    </testcase>
  </testsuite>
  <testsuite name="QualityTracker" errors="0" failures="2" skipped="0" timestamp="2025-05-15T23:44:18" time="0.149" tests="4">
    <testcase classname="QualityTracker trackMetrics should track metrics correctly" name="QualityTracker trackMetrics should track metrics correctly" time="0.002">
    </testcase>
    <testcase classname="QualityTracker trackMetrics should detect degrading metrics" name="QualityTracker trackMetrics should detect degrading metrics" time="0.001">
      <failure>Error: expect(received).toBeGreaterThan(expected)

Expected: &gt; 0
Received:   0
    at Object.&lt;anonymous&gt; (C:\Projects\canai-cursor-codex-v6.1.4\cursor\agents\evolution-driver\tests\quality-tracker.test.ts:59:39)
    at Promise.then.completed (C:\Projects\canai-cursor-codex-v6.1.4\node_modules\jest-circus\build\utils.js:298:28)
    at new Promise (&lt;anonymous&gt;)
    at callAsyncCircusFn (C:\Projects\canai-cursor-codex-v6.1.4\node_modules\jest-circus\build\utils.js:231:10)
    at _callCircusTest (C:\Projects\canai-cursor-codex-v6.1.4\node_modules\jest-circus\build\run.js:316:40)
    at _runTest (C:\Projects\canai-cursor-codex-v6.1.4\node_modules\jest-circus\build\run.js:252:3)
    at _runTestsForDescribeBlock (C:\Projects\canai-cursor-codex-v6.1.4\node_modules\jest-circus\build\run.js:126:9)
    at _runTestsForDescribeBlock (C:\Projects\canai-cursor-codex-v6.1.4\node_modules\jest-circus\build\run.js:121:9)
    at _runTestsForDescribeBlock (C:\Projects\canai-cursor-codex-v6.1.4\node_modules\jest-circus\build\run.js:121:9)
    at run (C:\Projects\canai-cursor-codex-v6.1.4\node_modules\jest-circus\build\run.js:71:3)
    at runAndTransformResultsToJestFormat (C:\Projects\canai-cursor-codex-v6.1.4\node_modules\jest-circus\build\legacy-code-todo-rewrite\jestAdapterInit.js:122:21)
    at jestAdapter (C:\Projects\canai-cursor-codex-v6.1.4\node_modules\jest-circus\build\legacy-code-todo-rewrite\jestAdapter.js:79:19)
    at runTestInternal (C:\Projects\canai-cursor-codex-v6.1.4\node_modules\jest-runner\build\runTest.js:367:16)
    at runTest (C:\Projects\canai-cursor-codex-v6.1.4\node_modules\jest-runner\build\runTest.js:444:34)</failure>
    </testcase>
    <testcase classname="QualityTracker trackMetrics should detect improving metrics" name="QualityTracker trackMetrics should detect improving metrics" time="0">
      <failure>Error: expect(received).toBeGreaterThan(expected)

Expected: &gt; 0
Received:   0
    at Object.&lt;anonymous&gt; (C:\Projects\canai-cursor-codex-v6.1.4\cursor\agents\evolution-driver\tests\quality-tracker.test.ts:83:39)
    at Promise.then.completed (C:\Projects\canai-cursor-codex-v6.1.4\node_modules\jest-circus\build\utils.js:298:28)
    at new Promise (&lt;anonymous&gt;)
    at callAsyncCircusFn (C:\Projects\canai-cursor-codex-v6.1.4\node_modules\jest-circus\build\utils.js:231:10)
    at _callCircusTest (C:\Projects\canai-cursor-codex-v6.1.4\node_modules\jest-circus\build\run.js:316:40)
    at _runTest (C:\Projects\canai-cursor-codex-v6.1.4\node_modules\jest-circus\build\run.js:252:3)
    at _runTestsForDescribeBlock (C:\Projects\canai-cursor-codex-v6.1.4\node_modules\jest-circus\build\run.js:126:9)
    at _runTestsForDescribeBlock (C:\Projects\canai-cursor-codex-v6.1.4\node_modules\jest-circus\build\run.js:121:9)
    at _runTestsForDescribeBlock (C:\Projects\canai-cursor-codex-v6.1.4\node_modules\jest-circus\build\run.js:121:9)
    at run (C:\Projects\canai-cursor-codex-v6.1.4\node_modules\jest-circus\build\run.js:71:3)
    at runAndTransformResultsToJestFormat (C:\Projects\canai-cursor-codex-v6.1.4\node_modules\jest-circus\build\legacy-code-todo-rewrite\jestAdapterInit.js:122:21)
    at jestAdapter (C:\Projects\canai-cursor-codex-v6.1.4\node_modules\jest-circus\build\legacy-code-todo-rewrite\jestAdapter.js:79:19)
    at runTestInternal (C:\Projects\canai-cursor-codex-v6.1.4\node_modules\jest-runner\build\runTest.js:367:16)
    at runTest (C:\Projects\canai-cursor-codex-v6.1.4\node_modules\jest-runner\build\runTest.js:444:34)</failure>
    </testcase>
    <testcase classname="QualityTracker getTrends should return valid trend data" name="QualityTracker getTrends should return valid trend data" time="0.001">
    </testcase>
  </testsuite>
  <testsuite name="Output Evaluator" errors="0" failures="1" skipped="0" timestamp="2025-05-15T23:44:18" time="0.279" tests="8">
    <testcase classname="Output Evaluator evaluateOutputs should evaluate outputs with default clarity criterion" name="Output Evaluator evaluateOutputs should evaluate outputs with default clarity criterion" time="0.002">
    </testcase>
    <testcase classname="Output Evaluator evaluateOutputs should evaluate outputs with multiple criteria" name="Output Evaluator evaluateOutputs should evaluate outputs with multiple criteria" time="0.002">
    </testcase>
    <testcase classname="Output Evaluator evaluateOutputs should handle empty outputs" name="Output Evaluator evaluateOutputs should handle empty outputs" time="0.001">
    </testcase>
    <testcase classname="Output Evaluator evaluateOutputs should handle undefined text property" name="Output Evaluator evaluateOutputs should handle undefined text property" time="0.001">
      <failure>Error: expect(received).toBeGreaterThan(expected)

Expected: &gt; 0
Received:   0
    at Object.&lt;anonymous&gt; (C:\Projects\canai-cursor-codex-v6.1.4\cursor\agents\__tests__\output-evaluator.test.ts:69:41)</failure>
    </testcase>
    <testcase classname="Output Evaluator evaluateOutputs should handle custom criteria with fallback score" name="Output Evaluator evaluateOutputs should handle custom criteria with fallback score" time="0.002">
    </testcase>
    <testcase classname="Output Evaluator evaluateOutputs should calculate total scores correctly" name="Output Evaluator evaluateOutputs should calculate total scores correctly" time="0.001">
    </testcase>
    <testcase classname="Output Evaluator evaluateOutputs should handle outputs with maximum scores" name="Output Evaluator evaluateOutputs should handle outputs with maximum scores" time="0">
    </testcase>
    <testcase classname="Output Evaluator evaluateOutputs should maintain consistent scoring across multiple evaluations" name="Output Evaluator evaluateOutputs should maintain consistent scoring across multiple evaluations" time="0.002">
    </testcase>
  </testsuite>
  <testsuite name="Compliance Contract Logging" errors="0" failures="1" skipped="0" timestamp="2025-05-15T23:44:19" time="0.209" tests="3">
    <testcase classname="Compliance Contract Logging should log consent events in both PromptLogs and AgentActions" name="Compliance Contract Logging should log consent events in both PromptLogs and AgentActions" time="0.003">
    </testcase>
    <testcase classname="Compliance Contract Logging should log deletion requests in both PromptLogs and AgentActions" name="Compliance Contract Logging should log deletion requests in both PromptLogs and AgentActions" time="0.001">
    </testcase>
    <testcase classname="Compliance Contract Logging should fail if compliance contract is missing" name="Compliance Contract Logging should fail if compliance contract is missing" time="0.003">
      <failure>Error: expect(received).toBeDefined()

Received: undefined
    at Object.&lt;anonymous&gt; (C:\Projects\canai-cursor-codex-v6.1.4\tests\compliance\compliance-logging.test.ts:99:108)
    at Promise.then.completed (C:\Projects\canai-cursor-codex-v6.1.4\node_modules\jest-circus\build\utils.js:298:28)
    at new Promise (&lt;anonymous&gt;)
    at callAsyncCircusFn (C:\Projects\canai-cursor-codex-v6.1.4\node_modules\jest-circus\build\utils.js:231:10)
    at _callCircusTest (C:\Projects\canai-cursor-codex-v6.1.4\node_modules\jest-circus\build\run.js:316:40)
    at _runTest (C:\Projects\canai-cursor-codex-v6.1.4\node_modules\jest-circus\build\run.js:252:3)
    at _runTestsForDescribeBlock (C:\Projects\canai-cursor-codex-v6.1.4\node_modules\jest-circus\build\run.js:126:9)
    at _runTestsForDescribeBlock (C:\Projects\canai-cursor-codex-v6.1.4\node_modules\jest-circus\build\run.js:121:9)
    at run (C:\Projects\canai-cursor-codex-v6.1.4\node_modules\jest-circus\build\run.js:71:3)
    at runAndTransformResultsToJestFormat (C:\Projects\canai-cursor-codex-v6.1.4\node_modules\jest-circus\build\legacy-code-todo-rewrite\jestAdapterInit.js:122:21)
    at jestAdapter (C:\Projects\canai-cursor-codex-v6.1.4\node_modules\jest-circus\build\legacy-code-todo-rewrite\jestAdapter.js:79:19)
    at runTestInternal (C:\Projects\canai-cursor-codex-v6.1.4\node_modules\jest-runner\build\runTest.js:367:16)
    at runTest (C:\Projects\canai-cursor-codex-v6.1.4\node_modules\jest-runner\build\runTest.js:444:34)</failure>
    </testcase>
  </testsuite>
  <testsuite name="🧠 Ingest Drift Check — Codex Lock Enforcement" errors="0" failures="2" skipped="0" timestamp="2025-05-15T23:44:19" time="0.134" tests="2">
    <testcase classname="🧠 Ingest Drift Check — Codex Lock Enforcement should match the ingested SHA256 of /docs/system-map.md" name="🧠 Ingest Drift Check — Codex Lock Enforcement should match the ingested SHA256 of /docs/system-map.md" time="0.006">
      <failure>Error: expect(received).toBe(expected) // Object.is equality

Expected: &quot;5e5db4b3fc51e0c36999e4060f39c6ea2c0b6a1531040f47e8b623f87f10c4f6&quot;
Received: &quot;097cfe92241b2ae6107684c6aa98607791a5c975e21ae0877aa01e5ea9535384&quot;
    at Object.&lt;anonymous&gt; (C:\Projects\canai-cursor-codex-v6.1.4\tests\ci\ingest-drift-check.test.ts:37:24)
    at Promise.then.completed (C:\Projects\canai-cursor-codex-v6.1.4\node_modules\jest-circus\build\utils.js:298:28)
    at new Promise (&lt;anonymous&gt;)
    at callAsyncCircusFn (C:\Projects\canai-cursor-codex-v6.1.4\node_modules\jest-circus\build\utils.js:231:10)
    at _callCircusTest (C:\Projects\canai-cursor-codex-v6.1.4\node_modules\jest-circus\build\run.js:316:40)
    at _runTest (C:\Projects\canai-cursor-codex-v6.1.4\node_modules\jest-circus\build\run.js:252:3)
    at _runTestsForDescribeBlock (C:\Projects\canai-cursor-codex-v6.1.4\node_modules\jest-circus\build\run.js:126:9)
    at _runTestsForDescribeBlock (C:\Projects\canai-cursor-codex-v6.1.4\node_modules\jest-circus\build\run.js:121:9)
    at run (C:\Projects\canai-cursor-codex-v6.1.4\node_modules\jest-circus\build\run.js:71:3)
    at runAndTransformResultsToJestFormat (C:\Projects\canai-cursor-codex-v6.1.4\node_modules\jest-circus\build\legacy-code-todo-rewrite\jestAdapterInit.js:122:21)
    at jestAdapter (C:\Projects\canai-cursor-codex-v6.1.4\node_modules\jest-circus\build\legacy-code-todo-rewrite\jestAdapter.js:79:19)
    at runTestInternal (C:\Projects\canai-cursor-codex-v6.1.4\node_modules\jest-runner\build\runTest.js:367:16)
    at runTest (C:\Projects\canai-cursor-codex-v6.1.4\node_modules\jest-runner\build\runTest.js:444:34)</failure>
    </testcase>
    <testcase classname="🧠 Ingest Drift Check — Codex Lock Enforcement should match the ingested SHA256 of /cursor/cursor-ingest.md" name="🧠 Ingest Drift Check — Codex Lock Enforcement should match the ingested SHA256 of /cursor/cursor-ingest.md" time="0.001">
      <failure>Error: ENOENT: no such file or directory, open &apos;C:\Projects\canai-cursor-codex-v6.1.4\cursor\cursor-ingest.md&apos;
    at Object.openSync (node:fs:562:18)
    at Object.readFileSync (node:fs:446:35)
    at computeHash (C:\Projects\canai-cursor-codex-v6.1.4\tests\ci\ingest-drift-check.test.ts:27:18)
    at Object.&lt;anonymous&gt; (C:\Projects\canai-cursor-codex-v6.1.4\tests\ci\ingest-drift-check.test.ts:44:24)
    at Promise.then.completed (C:\Projects\canai-cursor-codex-v6.1.4\node_modules\jest-circus\build\utils.js:298:28)
    at new Promise (&lt;anonymous&gt;)
    at callAsyncCircusFn (C:\Projects\canai-cursor-codex-v6.1.4\node_modules\jest-circus\build\utils.js:231:10)
    at _callCircusTest (C:\Projects\canai-cursor-codex-v6.1.4\node_modules\jest-circus\build\run.js:316:40)
    at _runTest (C:\Projects\canai-cursor-codex-v6.1.4\node_modules\jest-circus\build\run.js:252:3)
    at _runTestsForDescribeBlock (C:\Projects\canai-cursor-codex-v6.1.4\node_modules\jest-circus\build\run.js:126:9)
    at _runTestsForDescribeBlock (C:\Projects\canai-cursor-codex-v6.1.4\node_modules\jest-circus\build\run.js:121:9)
    at run (C:\Projects\canai-cursor-codex-v6.1.4\node_modules\jest-circus\build\run.js:71:3)
    at runAndTransformResultsToJestFormat (C:\Projects\canai-cursor-codex-v6.1.4\node_modules\jest-circus\build\legacy-code-todo-rewrite\jestAdapterInit.js:122:21)
    at jestAdapter (C:\Projects\canai-cursor-codex-v6.1.4\node_modules\jest-circus\build\legacy-code-todo-rewrite\jestAdapter.js:79:19)
    at runTestInternal (C:\Projects\canai-cursor-codex-v6.1.4\node_modules\jest-runner\build\runTest.js:367:16)
    at runTest (C:\Projects\canai-cursor-codex-v6.1.4\node_modules\jest-runner\build\runTest.js:444:34)</failure>
    </testcase>
  </testsuite>
  <testsuite name="TrustScoreCalculator" errors="0" failures="0" skipped="0" timestamp="2025-05-15T23:44:19" time="0.148" tests="7">
    <testcase classname="TrustScoreCalculator should calculate trust score for valid metrics" name="TrustScoreCalculator should calculate trust score for valid metrics" time="0.003">
    </testcase>
    <testcase classname="TrustScoreCalculator should fallback to 0 for malformed metrics" name="TrustScoreCalculator should fallback to 0 for malformed metrics" time="0.001">
    </testcase>
    <testcase classname="TrustScoreCalculator should fallback to 0 for chaos input" name="TrustScoreCalculator should fallback to 0 for chaos input" time="0.001">
    </testcase>
    <testcase classname="TrustScoreCalculator should fallback to 0 for null input" name="TrustScoreCalculator should fallback to 0 for null input" time="0.002">
    </testcase>
    <testcase classname="TrustScoreCalculator should match snapshot for valid and fallback" name="TrustScoreCalculator should match snapshot for valid and fallback" time="0.002">
    </testcase>
    <testcase classname="TrustScoreCalculator should validate trust score above threshold" name="TrustScoreCalculator should validate trust score above threshold" time="0.001">
    </testcase>
    <testcase classname="TrustScoreCalculator should invalidate trust score below threshold" name="TrustScoreCalculator should invalidate trust score below threshold" time="0.001">
    </testcase>
  </testsuite>
  <testsuite name="validateAgentChain (integration)" errors="0" failures="0" skipped="0" timestamp="2025-05-15T23:44:19" time="0.2" tests="2">
    <testcase classname="validateAgentChain (integration) should propagate context and events reliably across agent chain [mock:v1]" name="validateAgentChain (integration) should propagate context and events reliably across agent chain [mock:v1]" time="0.052">
    </testcase>
    <testcase classname="validateAgentChain (integration) should log failures with clear identifiers [mock:v1]" name="validateAgentChain (integration) should log failures with clear identifiers [mock:v1]" time="0.027">
    </testcase>
  </testsuite>
  <testsuite name="EventBus" errors="0" failures="0" skipped="0" timestamp="2025-05-15T23:44:20" time="0.181" tests="9">
    <testcase classname="EventBus subscribe should subscribe to events" name="EventBus subscribe should subscribe to events" time="0.004">
    </testcase>
    <testcase classname="EventBus subscribe should handle multiple subscribers" name="EventBus subscribe should handle multiple subscribers" time="0.001">
    </testcase>
    <testcase classname="EventBus unsubscribe should unsubscribe from events" name="EventBus unsubscribe should unsubscribe from events" time="0.001">
    </testcase>
    <testcase classname="EventBus publish should publish events to subscribers" name="EventBus publish should publish events to subscribers" time="0.001">
    </testcase>
    <testcase classname="EventBus publish should handle events without subscribers" name="EventBus publish should handle events without subscribers" time="0">
    </testcase>
    <testcase classname="EventBus publish should handle errors in subscribers" name="EventBus publish should handle errors in subscribers" time="0.05">
    </testcase>
    <testcase classname="EventBus clear should clear all subscribers" name="EventBus clear should clear all subscribers" time="0.001">
    </testcase>
    <testcase classname="EventBus event types should handle different event types" name="EventBus event types should handle different event types" time="0.001">
    </testcase>
    <testcase classname="EventBus event data should pass event data to subscribers" name="EventBus event data should pass event data to subscribers" time="0.001">
    </testcase>
  </testsuite>
  <testsuite name="sanitizeShellInput" errors="0" failures="0" skipped="0" timestamp="2025-05-15T23:44:20" time="0.175" tests="10">
    <testcase classname="sanitizeShellInput allows safe commands" name="sanitizeShellInput allows safe commands" time="0.002">
    </testcase>
    <testcase classname="sanitizeShellInput rejects unsafe shell symbols" name="sanitizeShellInput rejects unsafe shell symbols" time="0.033">
    </testcase>
    <testcase classname="isSafeShellCommand permits known Git commands" name="isSafeShellCommand permits known Git commands" time="0">
    </testcase>
    <testcase classname="isSafeShellCommand blocks unknown or unsafe commands" name="isSafeShellCommand blocks unknown or unsafe commands" time="0.001">
    </testcase>
    <testcase classname="execAsync executes safe commands successfully" name="execAsync executes safe commands successfully" time="0.001">
    </testcase>
    <testcase classname="execAsync rejects disallowed commands" name="execAsync rejects disallowed commands" time="0.002">
    </testcase>
    <testcase classname="execAsync throws on unsafe shell input" name="execAsync throws on unsafe shell input" time="0.001">
    </testcase>
    <testcase classname="checkPipelineHealth passes when Git is detected and branch is valid" name="checkPipelineHealth passes when Git is detected and branch is valid" time="0.001">
    </testcase>
    <testcase classname="checkPipelineHealth warns if in detached HEAD" name="checkPipelineHealth warns if in detached HEAD" time="0.003">
    </testcase>
    <testcase classname="checkPipelineHealth fails gracefully if Git is unavailable" name="checkPipelineHealth fails gracefully if Git is unavailable" time="0.005">
    </testcase>
  </testsuite>
  <testsuite name="SchemaEngine" errors="0" failures="0" skipped="0" timestamp="2025-05-15T23:44:20" time="0.156" tests="5">
    <testcase classname="SchemaEngine should structure valid interpreted intent" name="SchemaEngine should structure valid interpreted intent" time="0.004">
    </testcase>
    <testcase classname="SchemaEngine should fallback for null input" name="SchemaEngine should fallback for null input" time="0.001">
    </testcase>
    <testcase classname="SchemaEngine should fallback for missing fields" name="SchemaEngine should fallback for missing fields" time="0">
    </testcase>
    <testcase classname="SchemaEngine should fallback for chaos input" name="SchemaEngine should fallback for chaos input" time="0.001">
    </testcase>
    <testcase classname="SchemaEngine should match snapshot for valid and fallback" name="SchemaEngine should match snapshot for valid and fallback" time="0.005">
    </testcase>
  </testsuite>
  <testsuite name="ConfirmationUX" errors="0" failures="0" skipped="0" timestamp="2025-05-15T23:44:20" time="0.123" tests="5">
    <testcase classname="ConfirmationUX should confirm valid structured intent" name="ConfirmationUX should confirm valid structured intent" time="0.008">
    </testcase>
    <testcase classname="ConfirmationUX should fallback for null input" name="ConfirmationUX should fallback for null input" time="0.001">
    </testcase>
    <testcase classname="ConfirmationUX should fallback for missing fields" name="ConfirmationUX should fallback for missing fields" time="0.001">
    </testcase>
    <testcase classname="ConfirmationUX should fallback for chaos input" name="ConfirmationUX should fallback for chaos input" time="0.001">
    </testcase>
    <testcase classname="ConfirmationUX should match snapshot for valid and fallback" name="ConfirmationUX should match snapshot for valid and fallback" time="0.004">
    </testcase>
  </testsuite>
  <testsuite name="intent-mirror" errors="0" failures="0" skipped="0" timestamp="2025-05-15T23:44:20" time="0.102" tests="1">
    <testcase classname="intent-mirror should export nothing (no-op)" name="intent-mirror should export nothing (no-op)" time="0.003">
    </testcase>
  </testsuite>
  <testsuite name="CortexEventBusImpl" errors="0" failures="0" skipped="0" timestamp="2025-05-15T23:44:20" time="0.147" tests="8">
    <testcase classname="CortexEventBusImpl should subscribe and publish events to the correct handler" name="CortexEventBusImpl should subscribe and publish events to the correct handler" time="0.002">
    </testcase>
    <testcase classname="CortexEventBusImpl should unsubscribe handlers correctly" name="CortexEventBusImpl should unsubscribe handlers correctly" time="0">
    </testcase>
    <testcase classname="CortexEventBusImpl should broadcast events to all handlers" name="CortexEventBusImpl should broadcast events to all handlers" time="0">
    </testcase>
    <testcase classname="enforceEmotionalResonance should trigger fallback if resonanceScore is below threshold" name="enforceEmotionalResonance should trigger fallback if resonanceScore is below threshold" time="0.001">
    </testcase>
    <testcase classname="enforceEmotionalResonance should not trigger fallback if resonanceScore meets threshold" name="enforceEmotionalResonance should not trigger fallback if resonanceScore meets threshold" time="0">
    </testcase>
    <testcase classname="enforceTrustScore should trigger critical fallback if trustScore is below critical threshold" name="enforceTrustScore should trigger critical fallback if trustScore is below critical threshold" time="0">
    </testcase>
    <testcase classname="enforceTrustScore should trigger warning fallback if trustScore is below warning threshold" name="enforceTrustScore should trigger warning fallback if trustScore is below warning threshold" time="0">
    </testcase>
    <testcase classname="enforceTrustScore should not trigger fallback if trustScore meets threshold" name="enforceTrustScore should not trigger fallback if trustScore meets threshold" time="0">
    </testcase>
  </testsuite>
  <testsuite name="assertMemoryRestore (integration)" errors="0" failures="0" skipped="0" timestamp="2025-05-15T23:44:21" time="0.142" tests="2">
    <testcase classname="assertMemoryRestore (integration) should restore full memory state from partial context [mock:v1]" name="assertMemoryRestore (integration) should restore full memory state from partial context [mock:v1]" time="0.029">
    </testcase>
    <testcase classname="assertMemoryRestore (integration) should log failures and degraded state for corrupted/partial memory [mock:v1]" name="assertMemoryRestore (integration) should log failures and degraded state for corrupted/partial memory [mock:v1]" time="0.001">
    </testcase>
  </testsuite>
  <testsuite name="MetricCalculator" errors="0" failures="0" skipped="0" timestamp="2025-05-15T23:44:21" time="0.147" tests="9">
    <testcase classname="MetricCalculator calculateMetrics should calculate all metrics correctly" name="MetricCalculator calculateMetrics should calculate all metrics correctly" time="0.004">
    </testcase>
    <testcase classname="MetricCalculator calculateMetrics should handle empty logs array" name="MetricCalculator calculateMetrics should handle empty logs array" time="0.001">
    </testcase>
    <testcase classname="MetricCalculator calculateSessionMetrics should calculate session metrics with correct risk level" name="MetricCalculator calculateSessionMetrics should calculate session metrics with correct risk level" time="0.001">
    </testcase>
    <testcase classname="MetricCalculator calculateSessionMetrics should identify high risk sessions" name="MetricCalculator calculateSessionMetrics should identify high risk sessions" time="0">
    </testcase>
    <testcase classname="MetricCalculator calculatePromptMetrics should identify prompts needing attention" name="MetricCalculator calculatePromptMetrics should identify prompts needing attention" time="0">
    </testcase>
    <testcase classname="MetricCalculator calculateTouchpointMetrics should calculate touchpoint effectiveness correctly" name="MetricCalculator calculateTouchpointMetrics should calculate touchpoint effectiveness correctly" time="0">
    </testcase>
    <testcase classname="MetricCalculator calculateTouchpointMetrics should calculate partial effectiveness" name="MetricCalculator calculateTouchpointMetrics should calculate partial effectiveness" time="0.001">
    </testcase>
    <testcase classname="MetricCalculator calculateCorrelations should calculate feature impact correlations" name="MetricCalculator calculateCorrelations should calculate feature impact correlations" time="0.001">
    </testcase>
    <testcase classname="MetricCalculator calculateDashboardState should calculate overall system health" name="MetricCalculator calculateDashboardState should calculate overall system health" time="0.001">
    </testcase>
  </testsuite>
  <testsuite name="EmotionalValidator" errors="0" failures="0" skipped="0" timestamp="2025-05-15T23:44:21" time="0.145" tests="7">
    <testcase classname="EmotionalValidator should validate a correct event" name="EmotionalValidator should validate a correct event" time="0.001">
    </testcase>
    <testcase classname="EmotionalValidator should fallback on null input" name="EmotionalValidator should fallback on null input" time="0.001">
    </testcase>
    <testcase classname="EmotionalValidator should fallback on missing fields" name="EmotionalValidator should fallback on missing fields" time="0.001">
    </testcase>
    <testcase classname="EmotionalValidator should fallback on unexpected types" name="EmotionalValidator should fallback on unexpected types" time="0.001">
    </testcase>
    <testcase classname="EmotionalValidator should match snapshot for valid and fallback" name="EmotionalValidator should match snapshot for valid and fallback" time="0.001">
    </testcase>
    <testcase classname="EmotionalValidator should validate whitelisted tone" name="EmotionalValidator should validate whitelisted tone" time="0.001">
    </testcase>
    <testcase classname="EmotionalValidator should fallback on non-whitelisted tone" name="EmotionalValidator should fallback on non-whitelisted tone" time="0.001">
    </testcase>
  </testsuite>
  <testsuite name="FeedbackCapture" errors="0" failures="0" skipped="0" timestamp="2025-05-15T23:44:21" time="0.137" tests="7">
    <testcase classname="FeedbackCapture should capture feedback for valid field change" name="FeedbackCapture should capture feedback for valid field change" time="0.002">
    </testcase>
    <testcase classname="FeedbackCapture should fallback for null input" name="FeedbackCapture should fallback for null input" time="0.001">
    </testcase>
    <testcase classname="FeedbackCapture should fallback for missing field name" name="FeedbackCapture should fallback for missing field name" time="0.001">
    </testcase>
    <testcase classname="FeedbackCapture should fallback for chaos input" name="FeedbackCapture should fallback for chaos input" time="0">
    </testcase>
    <testcase classname="FeedbackCapture should track changes between intents" name="FeedbackCapture should track changes between intents" time="0.001">
    </testcase>
    <testcase classname="FeedbackCapture should fallback for malformed intents" name="FeedbackCapture should fallback for malformed intents" time="0.002">
    </testcase>
    <testcase classname="FeedbackCapture should match snapshot for heatmap" name="FeedbackCapture should match snapshot for heatmap" time="0.002">
    </testcase>
  </testsuite>
  <testsuite name="DreamStateChecker" errors="0" failures="0" skipped="0" timestamp="2025-05-15T23:44:21" time="0.106" tests="5">
    <testcase classname="DreamStateChecker should validate dream state alignment for valid result" name="DreamStateChecker should validate dream state alignment for valid result" time="0.001">
    </testcase>
    <testcase classname="DreamStateChecker should fallback to false for null input" name="DreamStateChecker should fallback to false for null input" time="0">
    </testcase>
    <testcase classname="DreamStateChecker should fallback to false for missing indicators" name="DreamStateChecker should fallback to false for missing indicators" time="0.001">
    </testcase>
    <testcase classname="DreamStateChecker should fallback to false for chaos input" name="DreamStateChecker should fallback to false for chaos input" time="0.001">
    </testcase>
    <testcase classname="DreamStateChecker should match snapshot for valid and fallback" name="DreamStateChecker should match snapshot for valid and fallback" time="0.001">
    </testcase>
  </testsuite>
  <testsuite name="VisionCatcher" errors="0" failures="0" skipped="0" timestamp="2025-05-15T23:44:21" time="0.129" tests="5">
    <testcase classname="VisionCatcher should enrich intent with vision input" name="VisionCatcher should enrich intent with vision input" time="0.001">
    </testcase>
    <testcase classname="VisionCatcher should fallback for null input" name="VisionCatcher should fallback for null input" time="0.001">
    </testcase>
    <testcase classname="VisionCatcher should fallback for malformed input" name="VisionCatcher should fallback for malformed input" time="0">
    </testcase>
    <testcase classname="VisionCatcher should fallback for chaos input" name="VisionCatcher should fallback for chaos input" time="0.003">
    </testcase>
    <testcase classname="VisionCatcher should match snapshot for vision enrichment" name="VisionCatcher should match snapshot for vision enrichment" time="0.002">
    </testcase>
  </testsuite>
  <testsuite name="Rollback Mechanism Enforcement" errors="0" failures="0" skipped="0" timestamp="2025-05-15T23:44:22" time="0.1" tests="3">
    <testcase classname="Rollback Mechanism Enforcement should log successful Airtable rollback" name="Rollback Mechanism Enforcement should log successful Airtable rollback" time="0.002">
    </testcase>
    <testcase classname="Rollback Mechanism Enforcement should log successful Prompt rollback" name="Rollback Mechanism Enforcement should log successful Prompt rollback" time="0">
    </testcase>
    <testcase classname="Rollback Mechanism Enforcement should fail if rollback is destructive or not logged" name="Rollback Mechanism Enforcement should fail if rollback is destructive or not logged" time="0">
    </testcase>
  </testsuite>
  <testsuite name="maskSensitive" errors="0" failures="0" skipped="0" timestamp="2025-05-15T23:44:22" time="0.111" tests="8">
    <testcase classname="maskSensitive masks access tokens" name="maskSensitive masks access tokens" time="0.007">
    </testcase>
    <testcase classname="maskSensitive masks api keys" name="maskSensitive masks api keys" time="0.002">
    </testcase>
    <testcase classname="maskSensitive masks bearer tokens" name="maskSensitive masks bearer tokens" time="0.001">
    </testcase>
    <testcase classname="maskSensitive masks email addresses" name="maskSensitive masks email addresses" time="0">
    </testcase>
    <testcase classname="maskSensitive masks filesystem paths" name="maskSensitive masks filesystem paths" time="0.001">
    </testcase>
    <testcase classname="maskSensitive masks windows paths" name="maskSensitive masks windows paths" time="0.001">
    </testcase>
    <testcase classname="maskSensitive masks environment variables" name="maskSensitive masks environment variables" time="0">
    </testcase>
    <testcase classname="maskSensitive preserves non-sensitive content" name="maskSensitive preserves non-sensitive content" time="0">
    </testcase>
  </testsuite>
</testsuites>